2026-08-09T05:38:37+00:00 INFO    [event=application.started] IPTV-API 版本: 3.0.0 (构建时间: 2026-08-07 11:45:59)
2026-08-09T05:38:37+00:00 INFO    [phase=prepare event=network.ipv6.checking] 🛜 正在检查当前网络是否支持IPv6...
2026-08-09T05:38:37+00:00 WARNING [phase=prepare event=network.ipv6.unsupported] 当前网络不支持IPv6，别担心，IPv6的结果会被保存下来
2026-08-09T05:38:37+00:00 INFO    [run=3ab5d224c00b4ff5807b4f5da61a62a1 phase=prepare event=run.started] 性能模式: auto → balance，可用资源: 4.0 CPU / 15.61 GB，并发: 测速 8、媒体探测 2、源抓取 8
2026-08-09T05:38:37+00:00 INFO    [run=3ab5d224c00b4ff5807b4f5da61a62a1 phase=prepare event=channels.catalog_loaded] 频道目录已加载：白名单 0，黑名单 2，台标 21
2026-08-09T05:38:37+00:00 INFO    [run=3ab5d224c00b4ff5807b4f5da61a62a1 phase=fetch event=sources.subscribe.summary] 订阅源数量：8，订阅白名单数量：0，停用地址数量：0，有效总数量：8
2026-08-09T05:38:37+00:00 INFO    [run=3ab5d224c00b4ff5807b4f5da61a62a1 phase=fetch event=progress.started] 正在进行获取订阅源  0/8
2026-08-09T05:38:38+00:00 INFO    [run=3ab5d224c00b4ff5807b4f5da61a62a1 phase=fetch event=progress.updated] 正在进行获取订阅源  1/8 (12%)  剩余 7
2026-08-09T05:38:38+00:00 INFO    [run=3ab5d224c00b4ff5807b4f5da61a62a1 phase=fetch event=progress.updated] 正在进行获取订阅源  2/8 (25%)  剩余 6
2026-08-09T05:38:38+00:00 INFO    [run=3ab5d224c00b4ff5807b4f5da61a62a1 phase=fetch event=progress.updated] 正在进行获取订阅源  3/8 (37%)  剩余 5
2026-08-09T05:38:38+00:00 INFO    [run=3ab5d224c00b4ff5807b4f5da61a62a1 phase=fetch event=progress.updated] 正在进行获取订阅源  4/8 (50%)  剩余 4
2026-08-09T05:38:38+00:00 INFO    [run=3ab5d224c00b4ff5807b4f5da61a62a1 phase=fetch event=progress.updated] 正在进行获取订阅源  5/8 (62%)  剩余 3
2026-08-09T05:38:39+00:00 INFO    [run=3ab5d224c00b4ff5807b4f5da61a62a1 phase=fetch event=progress.updated] 正在进行获取订阅源  6/8 (75%)  剩余 2
2026-08-09T05:38:39+00:00 INFO    [run=3ab5d224c00b4ff5807b4f5da61a62a1 phase=fetch event=progress.updated] 正在进行获取订阅源  7/8 (87%)  剩余 1
2026-08-09T05:38:39+00:00 INFO    [run=3ab5d224c00b4ff5807b4f5da61a62a1 phase=fetch event=progress.updated] 正在进行获取订阅源  8/8 (100%)  剩余 0
2026-08-09T05:38:39+00:00 INFO    [run=3ab5d224c00b4ff5807b4f5da61a62a1 phase=fetch event=sources.subscribe.finished] 订阅源: ✅ 有效地址数量：8，⛔ 停用地址数量：0
2026-08-09T05:38:39+00:00 INFO    [run=3ab5d224c00b4ff5807b4f5da61a62a1 phase=fetch event=sources.subscribe.epg_discovered] 📡 从订阅源中发现 3 个 EPG 地址
2026-08-09T05:38:39+00:00 INFO    [run=3ab5d224c00b4ff5807b4f5da61a62a1 phase=fetch event=progress.finished] 正在进行获取订阅源  8/8  未匹配 1806
2026-08-09T05:38:39+00:00 INFO    [run=3ab5d224c00b4ff5807b4f5da61a62a1 phase=fetch event=sources.epg.summary] EPG源数量：1，EPG白名单数量：0，停用地址数量：0，有效总数量：1
2026-08-09T05:38:39+00:00 INFO    [run=3ab5d224c00b4ff5807b4f5da61a62a1 phase=fetch event=progress.started] 正在进行获取EPG源  0/4
2026-08-09T05:38:41+00:00 INFO    [run=3ab5d224c00b4ff5807b4f5da61a62a1 phase=fetch event=progress.updated] 正在进行获取EPG源  1/4 (25%)  剩余 3
2026-08-09T05:38:43+00:00 WARNING [run=3ab5d224c00b4ff5807b4f5da61a62a1 phase=fetch event=request.retrying] 🔄 请求https://live.fanmingming.com/e.xml.gz失败，正在进行第1次重试...
2026-08-09T05:38:44+00:00 WARNING [run=3ab5d224c00b4ff5807b4f5da61a62a1 phase=fetch event=source.request_failed] EPG源请求失败：❌ 请求https://live.fanmingming.com/e.xml.gz失败，已达到最大重试次数
2026-08-09T05:38:44+00:00 INFO    [run=3ab5d224c00b4ff5807b4f5da61a62a1 phase=fetch event=progress.updated] 正在进行获取EPG源  2/4 (50%)  剩余 2
2026-08-09T05:38:44+00:00 INFO    [run=3ab5d224c00b4ff5807b4f5da61a62a1 phase=fetch event=progress.updated] 正在进行获取EPG源  3/4 (75%)  剩余 1
2026-08-09T05:38:45+00:00 INFO    [run=3ab5d224c00b4ff5807b4f5da61a62a1 phase=fetch event=progress.updated] 正在进行获取EPG源  4/4 (100%)  剩余 0
2026-08-09T05:38:45+00:00 INFO    [run=3ab5d224c00b4ff5807b4f5da61a62a1 phase=fetch event=sources.epg.finished] EPG源: ✅ 有效地址数量：1，⛔ 停用地址数量：0
2026-08-09T05:38:45+00:00 INFO    [run=3ab5d224c00b4ff5807b4f5da61a62a1 phase=fetch event=progress.finished] 正在进行获取EPG源  4/4  匹配 62 个频道
2026-08-09T05:38:54+00:00 INFO    [run=3ab5d224c00b4ff5807b4f5da61a62a1 phase=aggregate event=channels.aggregated] 频道数据聚合完成：72 个频道，557 个接口（IPv4 495 / IPv6 62）
2026-08-09T05:38:54+00:00 INFO    [run=3ab5d224c00b4ff5807b4f5da61a62a1 phase=speed_test event=speed_test.planned] 总接口数量: 541, 需要进行测速的接口数量: 481
2026-08-09T05:38:54+00:00 INFO    [run=3ab5d224c00b4ff5807b4f5da61a62a1 phase=speed_test event=progress.started] 测速  0/481
2026-08-09T05:38:54+00:00 INFO    [run=3ab5d224c00b4ff5807b4f5da61a62a1 phase=speed_test event=progress.updated] 测速  1/481 (0%)  有效 0  失败 1  CCTV-1
2026-08-09T05:39:04+00:00 INFO    [run=3ab5d224c00b4ff5807b4f5da61a62a1 phase=speed_test event=progress.updated] 测速  49/481 (10%)  有效 4  失败 45  CCTV-4
2026-08-09T05:39:11+00:00 INFO    [run=3ab5d224c00b4ff5807b4f5da61a62a1 phase=speed_test event=progress.updated] 测速  97/481 (20%)  有效 8  失败 89  CCTV-5
2026-08-09T05:39:23+00:00 INFO    [run=3ab5d224c00b4ff5807b4f5da61a62a1 phase=speed_test event=progress.updated] 测速  145/481 (30%)  有效 11  失败 134  CCTV-9
2026-08-09T05:39:32+00:00 INFO    [run=3ab5d224c00b4ff5807b4f5da61a62a1 phase=speed_test event=progress.updated] 测速  193/481 (40%)  有效 18  失败 175  CCTV-13
2026-08-09T05:39:45+00:00 INFO    [run=3ab5d224c00b4ff5807b4f5da61a62a1 phase=speed_test event=progress.updated] 测速  241/481 (50%)  有效 23  失败 218  广东卫视
2026-08-09T05:40:06+00:00 INFO    [run=3ab5d224c00b4ff5807b4f5da61a62a1 phase=speed_test event=progress.updated] 测速  289/481 (60%)  有效 30  失败 259  安徽卫视
2026-08-09T05:40:25+00:00 INFO    [run=3ab5d224c00b4ff5807b4f5da61a62a1 phase=speed_test event=progress.updated] 测速  337/481 (70%)  有效 37  失败 300  海南卫视
2026-08-09T05:40:48+00:00 INFO    [run=3ab5d224c00b4ff5807b4f5da61a62a1 phase=speed_test event=progress.updated] 测速  385/481 (80%)  有效 41  失败 344  江西卫视
2026-08-09T05:41:15+00:00 INFO    [run=3ab5d224c00b4ff5807b4f5da61a62a1 phase=speed_test event=progress.updated] 测速  433/481 (90%)  有效 43  失败 390  山西卫视
2026-08-09T05:41:45+00:00 INFO    [run=3ab5d224c00b4ff5807b4f5da61a62a1 phase=speed_test event=progress.updated] 测速  475/481 (98%)  有效 44  失败 431  广东珠江
2026-08-09T05:41:55+00:00 INFO    [run=3ab5d224c00b4ff5807b4f5da61a62a1 phase=speed_test event=progress.updated] 测速  481/481 (100%)  有效 45  失败 436  茂名公共
2026-08-09T05:41:55+00:00 INFO    [run=3ab5d224c00b4ff5807b4f5da61a62a1 phase=speed_test event=speed_test.artifacts_written] 测速明细已写入 output/log/speed_test.log，有效结果已写入 output/log/result.log
2026-08-09T05:41:55+00:00 INFO    [run=3ab5d224c00b4ff5807b4f5da61a62a1 phase=speed_test event=progress.finished] 测速  481/481  有效 45  失败 436
2026-08-09T05:41:55+00:00 INFO    [run=3ab5d224c00b4ff5807b4f5da61a62a1 phase=output event=output.written] 结果文件生成完成：更新 3 个文件
2026-08-09T05:41:55+00:00 INFO    [run=3ab5d224c00b4ff5807b4f5da61a62a1 phase=statistics event=statistics.finished] 频道统计完成：测试 481，有效 45
2026-08-09T05:41:55+00:00 INFO    [run=3ab5d224c00b4ff5807b4f5da61a62a1 phase=complete event=run.summary] 更新摘要
2026-08-09T05:41:55+00:00 INFO    [run=3ab5d224c00b4ff5807b4f5da61a62a1 phase=complete event=run.finished] 更新完成！总耗时：03:17
2026-08-09T06:11:48+00:00 INFO    [event=application.started] IPTV-API 版本: 3.0.0 (构建时间: 2026-08-07 11:45:59)
2026-08-09T06:11:48+00:00 INFO    [phase=prepare event=network.ipv6.checking] 🛜 正在检查当前网络是否支持IPv6...
2026-08-09T06:11:48+00:00 WARNING [phase=prepare event=network.ipv6.unsupported] 当前网络不支持IPv6，别担心，IPv6的结果会被保存下来
2026-08-09T06:11:48+00:00 INFO    [run=cbab3569ac6b45ce8ae380d8a2f38456 phase=prepare event=run.started] 性能模式: auto → balance，可用资源: 4.0 CPU / 15.61 GB，并发: 测速 8、媒体探测 2、源抓取 8
2026-08-09T06:11:48+00:00 INFO    [run=cbab3569ac6b45ce8ae380d8a2f38456 phase=prepare event=channels.catalog_loaded] 频道目录已加载：白名单 0，黑名单 2，台标 21
2026-08-09T06:11:48+00:00 INFO    [run=cbab3569ac6b45ce8ae380d8a2f38456 phase=fetch event=sources.subscribe.summary] 订阅源数量：11，订阅白名单数量：0，停用地址数量：0，有效总数量：11
2026-08-09T06:11:48+00:00 INFO    [run=cbab3569ac6b45ce8ae380d8a2f38456 phase=fetch event=progress.started] 正在进行获取订阅源  0/11
2026-08-09T06:11:49+00:00 INFO    [run=cbab3569ac6b45ce8ae380d8a2f38456 phase=fetch event=progress.updated] 正在进行获取订阅源  1/11 (9%)  剩余 10
2026-08-09T06:11:49+00:00 INFO    [run=cbab3569ac6b45ce8ae380d8a2f38456 phase=fetch event=progress.updated] 正在进行获取订阅源  3/11 (27%)  剩余 8
2026-08-09T06:11:49+00:00 INFO    [run=cbab3569ac6b45ce8ae380d8a2f38456 phase=fetch event=progress.updated] 正在进行获取订阅源  5/11 (45%)  剩余 6
2026-08-09T06:11:49+00:00 INFO    [run=cbab3569ac6b45ce8ae380d8a2f38456 phase=fetch event=progress.updated] 正在进行获取订阅源  7/11 (63%)  剩余 4
2026-08-09T06:11:50+00:00 INFO    [run=cbab3569ac6b45ce8ae380d8a2f38456 phase=fetch event=progress.updated] 正在进行获取订阅源  9/11 (81%)  剩余 2
2026-08-09T06:11:50+00:00 INFO    [run=cbab3569ac6b45ce8ae380d8a2f38456 phase=fetch event=progress.updated] 正在进行获取订阅源  11/11 (100%)  剩余 0
2026-08-09T06:11:50+00:00 INFO    [run=cbab3569ac6b45ce8ae380d8a2f38456 phase=fetch event=sources.subscribe.finished] 订阅源: ✅ 有效地址数量：11，⛔ 停用地址数量：0
2026-08-09T06:11:50+00:00 INFO    [run=cbab3569ac6b45ce8ae380d8a2f38456 phase=fetch event=sources.subscribe.epg_discovered] 📡 从订阅源中发现 3 个 EPG 地址
2026-08-09T06:11:50+00:00 INFO    [run=cbab3569ac6b45ce8ae380d8a2f38456 phase=fetch event=progress.finished] 正在进行获取订阅源  11/11  未匹配 1973
2026-08-09T06:11:50+00:00 INFO    [run=cbab3569ac6b45ce8ae380d8a2f38456 phase=fetch event=sources.epg.summary] EPG源数量：1，EPG白名单数量：0，停用地址数量：0，有效总数量：1
2026-08-09T06:11:50+00:00 INFO    [run=cbab3569ac6b45ce8ae380d8a2f38456 phase=fetch event=progress.started] 正在进行获取EPG源  0/4
2026-08-09T06:11:53+00:00 INFO    [run=cbab3569ac6b45ce8ae380d8a2f38456 phase=fetch event=progress.updated] 正在进行获取EPG源  1/4 (25%)  剩余 3
2026-08-09T06:11:55+00:00 WARNING [run=cbab3569ac6b45ce8ae380d8a2f38456 phase=fetch event=request.retrying] 🔄 请求https://live.fanmingming.com/e.xml.gz失败，正在进行第1次重试...
2026-08-09T06:11:56+00:00 WARNING [run=cbab3569ac6b45ce8ae380d8a2f38456 phase=fetch event=source.request_failed] EPG源请求失败：❌ 请求https://live.fanmingming.com/e.xml.gz失败，已达到最大重试次数
2026-08-09T06:11:56+00:00 INFO    [run=cbab3569ac6b45ce8ae380d8a2f38456 phase=fetch event=progress.updated] 正在进行获取EPG源  2/4 (50%)  剩余 2
2026-08-09T06:11:57+00:00 INFO    [run=cbab3569ac6b45ce8ae380d8a2f38456 phase=fetch event=progress.updated] 正在进行获取EPG源  3/4 (75%)  剩余 1
2026-08-09T06:11:58+00:00 INFO    [run=cbab3569ac6b45ce8ae380d8a2f38456 phase=fetch event=progress.updated] 正在进行获取EPG源  4/4 (100%)  剩余 0
2026-08-09T06:11:58+00:00 INFO    [run=cbab3569ac6b45ce8ae380d8a2f38456 phase=fetch event=sources.epg.finished] EPG源: ✅ 有效地址数量：1，⛔ 停用地址数量：0
2026-08-09T06:11:58+00:00 INFO    [run=cbab3569ac6b45ce8ae380d8a2f38456 phase=fetch event=progress.finished] 正在进行获取EPG源  4/4  匹配 56 个频道
2026-08-09T06:12:04+00:00 INFO    [run=cbab3569ac6b45ce8ae380d8a2f38456 phase=aggregate event=channels.aggregated] 频道数据聚合完成：110 个频道，528 个接口（IPv4 528 / IPv6 0）
2026-08-09T06:12:04+00:00 INFO    [run=cbab3569ac6b45ce8ae380d8a2f38456 phase=speed_test event=speed_test.planned] 总接口数量: 528, 需要进行测速的接口数量: 528
2026-08-09T06:12:04+00:00 INFO    [run=cbab3569ac6b45ce8ae380d8a2f38456 phase=speed_test event=progress.started] 测速  0/528
2026-08-09T06:12:05+00:00 INFO    [run=cbab3569ac6b45ce8ae380d8a2f38456 phase=speed_test event=progress.updated] 测速  1/528 (0%)  有效 0  失败 1  CCTV-1
2026-08-09T06:12:15+00:00 INFO    [run=cbab3569ac6b45ce8ae380d8a2f38456 phase=speed_test event=progress.updated] 测速  53/528 (10%)  有效 3  失败 50  CCTV-4
2026-08-09T06:12:27+00:00 INFO    [run=cbab3569ac6b45ce8ae380d8a2f38456 phase=speed_test event=progress.updated] 测速  106/528 (20%)  有效 6  失败 100  CCTV-7
2026-08-09T06:12:38+00:00 INFO    [run=cbab3569ac6b45ce8ae380d8a2f38456 phase=speed_test event=progress.updated] 测速  159/528 (30%)  有效 9  失败 150  CCTV-10
2026-08-09T06:12:50+00:00 INFO    [run=cbab3569ac6b45ce8ae380d8a2f38456 phase=speed_test event=progress.updated] 测速  212/528 (40%)  有效 14  失败 198  CCTV-13
2026-08-09T06:13:10+00:00 INFO    [run=cbab3569ac6b45ce8ae380d8a2f38456 phase=speed_test event=progress.updated] 测速  264/528 (50%)  有效 19  失败 245  浙江卫视
2026-08-09T06:13:29+00:00 INFO    [run=cbab3569ac6b45ce8ae380d8a2f38456 phase=speed_test event=progress.updated] 测速  317/528 (60%)  有效 25  失败 292  黑龙江卫视
2026-08-09T06:13:52+00:00 INFO    [run=cbab3569ac6b45ce8ae380d8a2f38456 phase=speed_test event=progress.updated] 测速  370/528 (70%)  有效 29  失败 341  江苏卫视
2026-08-09T06:14:22+00:00 INFO    [run=cbab3569ac6b45ce8ae380d8a2f38456 phase=speed_test event=progress.updated] 测速  421/528 (79%)  有效 32  失败 389  陕西卫视
2026-08-09T06:14:49+00:00 INFO    [run=cbab3569ac6b45ce8ae380d8a2f38456 phase=speed_test event=progress.updated] 测速  470/528 (89%)  有效 37  失败 433  云南卫视
2026-08-09T06:15:21+00:00 INFO    [run=cbab3569ac6b45ce8ae380d8a2f38456 phase=speed_test event=progress.updated] 测速  508/528 (96%)  有效 37  失败 471  爱奇艺_权谋剧场
2026-08-09T06:15:31+00:00 INFO    [run=cbab3569ac6b45ce8ae380d8a2f38456 phase=speed_test event=progress.updated] 测速  528/528 (100%)  有效 37  失败 491  爱奇艺_抗战剧场
2026-08-09T06:15:31+00:00 INFO    [run=cbab3569ac6b45ce8ae380d8a2f38456 phase=speed_test event=speed_test.artifacts_written] 测速明细已写入 output/log/speed_test.log，有效结果已写入 output/log/result.log
2026-08-09T06:15:31+00:00 INFO    [run=cbab3569ac6b45ce8ae380d8a2f38456 phase=speed_test event=progress.finished] 测速  528/528  有效 37  失败 491
2026-08-09T06:15:31+00:00 INFO    [run=cbab3569ac6b45ce8ae380d8a2f38456 phase=output event=output.written] 结果文件生成完成：更新 3 个文件
2026-08-09T06:15:31+00:00 INFO    [run=cbab3569ac6b45ce8ae380d8a2f38456 phase=statistics event=statistics.finished] 频道统计完成：测试 528，有效 37
2026-08-09T06:15:31+00:00 INFO    [run=cbab3569ac6b45ce8ae380d8a2f38456 phase=complete event=run.summary] 更新摘要
2026-08-09T06:15:31+00:00 INFO    [run=cbab3569ac6b45ce8ae380d8a2f38456 phase=complete event=run.finished] 更新完成！总耗时：03:43
2026-08-09T06:22:20+00:00 INFO    [event=application.started] IPTV-API 版本: 3.0.0 (构建时间: 2026-08-07 11:45:59)
2026-08-09T06:22:21+00:00 INFO    [phase=prepare event=network.ipv6.checking] 🛜 正在检查当前网络是否支持IPv6...
2026-08-09T06:22:21+00:00 WARNING [phase=prepare event=network.ipv6.unsupported] 当前网络不支持IPv6，别担心，IPv6的结果会被保存下来
2026-08-09T06:22:21+00:00 INFO    [run=0e72fb9f6adc4f9297d453e616473be1 phase=prepare event=run.started] 性能模式: auto → balance，可用资源: 4.0 CPU / 15.61 GB，并发: 测速 8、媒体探测 2、源抓取 8
2026-08-09T06:22:21+00:00 INFO    [run=0e72fb9f6adc4f9297d453e616473be1 phase=prepare event=channels.catalog_loaded] 频道目录已加载：白名单 0，黑名单 2，台标 21
2026-08-09T06:22:21+00:00 INFO    [run=0e72fb9f6adc4f9297d453e616473be1 phase=fetch event=sources.subscribe.summary] 订阅源数量：11，订阅白名单数量：0，停用地址数量：0，有效总数量：11
2026-08-09T06:22:21+00:00 INFO    [run=0e72fb9f6adc4f9297d453e616473be1 phase=fetch event=progress.started] 正在进行获取订阅源  0/11
2026-08-09T06:22:22+00:00 INFO    [run=0e72fb9f6adc4f9297d453e616473be1 phase=fetch event=progress.updated] 正在进行获取订阅源  1/11 (9%)  剩余 10
2026-08-09T06:22:22+00:00 INFO    [run=0e72fb9f6adc4f9297d453e616473be1 phase=fetch event=progress.updated] 正在进行获取订阅源  3/11 (27%)  剩余 8
2026-08-09T06:22:22+00:00 INFO    [run=0e72fb9f6adc4f9297d453e616473be1 phase=fetch event=progress.updated] 正在进行获取订阅源  5/11 (45%)  剩余 6
2026-08-09T06:22:22+00:00 INFO    [run=0e72fb9f6adc4f9297d453e616473be1 phase=fetch event=progress.updated] 正在进行获取订阅源  7/11 (63%)  剩余 4
2026-08-09T06:22:23+00:00 INFO    [run=0e72fb9f6adc4f9297d453e616473be1 phase=fetch event=progress.updated] 正在进行获取订阅源  9/11 (81%)  剩余 2
2026-08-09T06:22:23+00:00 INFO    [run=0e72fb9f6adc4f9297d453e616473be1 phase=fetch event=progress.updated] 正在进行获取订阅源  11/11 (100%)  剩余 0
2026-08-09T06:22:23+00:00 INFO    [run=0e72fb9f6adc4f9297d453e616473be1 phase=fetch event=sources.subscribe.finished] 订阅源: ✅ 有效地址数量：11，⛔ 停用地址数量：0
2026-08-09T06:22:23+00:00 INFO    [run=0e72fb9f6adc4f9297d453e616473be1 phase=fetch event=sources.subscribe.epg_discovered] 📡 从订阅源中发现 3 个 EPG 地址
2026-08-09T06:22:23+00:00 INFO    [run=0e72fb9f6adc4f9297d453e616473be1 phase=fetch event=progress.finished] 正在进行获取订阅源  11/11  未匹配 2011
2026-08-09T06:22:23+00:00 INFO    [run=0e72fb9f6adc4f9297d453e616473be1 phase=fetch event=sources.epg.summary] EPG源数量：1，EPG白名单数量：0，停用地址数量：0，有效总数量：1
2026-08-09T06:22:23+00:00 INFO    [run=0e72fb9f6adc4f9297d453e616473be1 phase=fetch event=progress.started] 正在进行获取EPG源  0/4
2026-08-09T06:22:26+00:00 INFO    [run=0e72fb9f6adc4f9297d453e616473be1 phase=fetch event=progress.updated] 正在进行获取EPG源  1/4 (25%)  剩余 3
2026-08-09T06:22:27+00:00 WARNING [run=0e72fb9f6adc4f9297d453e616473be1 phase=fetch event=request.retrying] 🔄 请求https://live.fanmingming.com/e.xml.gz失败，正在进行第1次重试...
2026-08-09T06:22:28+00:00 WARNING [run=0e72fb9f6adc4f9297d453e616473be1 phase=fetch event=source.request_failed] EPG源请求失败：❌ 请求https://live.fanmingming.com/e.xml.gz失败，已达到最大重试次数
2026-08-09T06:22:28+00:00 INFO    [run=0e72fb9f6adc4f9297d453e616473be1 phase=fetch event=progress.updated] 正在进行获取EPG源  2/4 (50%)  剩余 2
2026-08-09T06:22:29+00:00 INFO    [run=0e72fb9f6adc4f9297d453e616473be1 phase=fetch event=progress.updated] 正在进行获取EPG源  3/4 (75%)  剩余 1
2026-08-09T06:22:30+00:00 INFO    [run=0e72fb9f6adc4f9297d453e616473be1 phase=fetch event=progress.updated] 正在进行获取EPG源  4/4 (100%)  剩余 0
2026-08-09T06:22:30+00:00 INFO    [run=0e72fb9f6adc4f9297d453e616473be1 phase=fetch event=sources.epg.finished] EPG源: ✅ 有效地址数量：1，⛔ 停用地址数量：0
2026-08-09T06:22:30+00:00 INFO    [run=0e72fb9f6adc4f9297d453e616473be1 phase=fetch event=progress.finished] 正在进行获取EPG源  4/4  匹配 65 个频道
2026-08-09T06:22:41+00:00 INFO    [run=0e72fb9f6adc4f9297d453e616473be1 phase=aggregate event=channels.aggregated] 频道数据聚合完成：87 个频道，550 个接口（IPv4 497 / IPv6 53）
2026-08-09T06:22:41+00:00 INFO    [run=0e72fb9f6adc4f9297d453e616473be1 phase=speed_test event=speed_test.planned] 总接口数量: 550, 需要进行测速的接口数量: 497
2026-08-09T06:22:41+00:00 INFO    [run=0e72fb9f6adc4f9297d453e616473be1 phase=speed_test event=progress.started] 测速  0/497
2026-08-09T06:22:42+00:00 INFO    [run=0e72fb9f6adc4f9297d453e616473be1 phase=speed_test event=progress.updated] 测速  1/497 (0%)  有效 0  失败 1  CCTV-1
2026-08-09T06:22:48+00:00 INFO    [run=0e72fb9f6adc4f9297d453e616473be1 phase=speed_test event=progress.updated] 测速  50/497 (10%)  有效 3  失败 47  CCTV-4
2026-08-09T06:22:58+00:00 INFO    [run=0e72fb9f6adc4f9297d453e616473be1 phase=speed_test event=progress.updated] 测速  100/497 (20%)  有效 11  失败 89  CCTV-5+
2026-08-09T06:23:09+00:00 INFO    [run=0e72fb9f6adc4f9297d453e616473be1 phase=speed_test event=progress.updated] 测速  150/497 (30%)  有效 12  失败 138  CCTV-10
2026-08-09T06:23:19+00:00 INFO    [run=0e72fb9f6adc4f9297d453e616473be1 phase=speed_test event=progress.updated] 测速  199/497 (40%)  有效 19  失败 180  CCTV-13
2026-08-09T06:23:30+00:00 INFO    [run=0e72fb9f6adc4f9297d453e616473be1 phase=speed_test event=progress.updated] 测速  249/497 (50%)  有效 28  失败 221  浙江卫视
2026-08-09T06:23:50+00:00 INFO    [run=0e72fb9f6adc4f9297d453e616473be1 phase=speed_test event=progress.updated] 测速  299/497 (60%)  有效 33  失败 266  重庆卫视
2026-08-09T06:24:11+00:00 INFO    [run=0e72fb9f6adc4f9297d453e616473be1 phase=speed_test event=progress.updated] 测速  348/497 (70%)  有效 38  失败 310  广西卫视
2026-08-09T06:24:40+00:00 INFO    [run=0e72fb9f6adc4f9297d453e616473be1 phase=speed_test event=progress.updated] 测速  398/497 (80%)  有效 40  失败 358  内蒙古卫视
2026-08-09T06:25:05+00:00 INFO    [run=0e72fb9f6adc4f9297d453e616473be1 phase=speed_test event=progress.updated] 测速  448/497 (90%)  有效 44  失败 404  四川卫视
2026-08-09T06:25:36+00:00 INFO    [run=0e72fb9f6adc4f9297d453e616473be1 phase=speed_test event=progress.updated] 测速  497/497 (100%)  有效 58  失败 439  淮安影院娱乐
2026-08-09T06:25:36+00:00 INFO    [run=0e72fb9f6adc4f9297d453e616473be1 phase=speed_test event=speed_test.artifacts_written] 测速明细已写入 output/log/speed_test.log，有效结果已写入 output/log/result.log
2026-08-09T06:25:36+00:00 INFO    [run=0e72fb9f6adc4f9297d453e616473be1 phase=speed_test event=progress.finished] 测速  497/497  有效 58  失败 439
2026-08-09T06:25:36+00:00 INFO    [run=0e72fb9f6adc4f9297d453e616473be1 phase=output event=output.written] 结果文件生成完成：更新 3 个文件
2026-08-09T06:25:36+00:00 INFO    [run=0e72fb9f6adc4f9297d453e616473be1 phase=statistics event=statistics.finished] 频道统计完成：测试 497，有效 58
2026-08-09T06:25:36+00:00 INFO    [run=0e72fb9f6adc4f9297d453e616473be1 phase=complete event=run.summary] 更新摘要
2026-08-09T06:25:36+00:00 INFO    [run=0e72fb9f6adc4f9297d453e616473be1 phase=complete event=run.finished] 更新完成！总耗时：03:14
