ABN China (720p),https://mediaserver.abnvideos.com/streams/abnchina.m3u8
Ando TV (1080p),http://play.kankanlive.com/live/1711956137852982.m3u8
Angel TV Chinese (720p),https://janya-digimix.akamaized.net/vglive-sk-999451/chinese/ngrp:angelchinese_all/playlist.m3u8
Anhui TV,https://restream.pdtvhd.com/memfs/c1cd2ed0-3b2b-4c25-af98-a7fb0b1eb130.m3u8
Anshun Comprehensive News Channel,https://hplayer1.juyun.tv/camera/154379194.m3u8
Bread TV面包台 (720p),https://video.bread-tv.com:8091/hls-live24/online/index.m3u8
BRTV Kaku Childrens Channel,http://223.111.191.105/downflv.brtvcloud.com/kkkkasd/winfr.m3u8
BRTV 北京卫视 (1080p),http://go.bkpcp.top/mg/bjws
CCTV+ 1 (600p) [Not 24/7],https://cd-live-stream.news.cctvplus.com/live/smil:CHANNEL1.smil/playlist.m3u8
CCTV+ 2 (600p) [Not 24/7],https://cd-live-stream.news.cctvplus.com/live/smil:CHANNEL2.smil/playlist.m3u8
CCTV-4K (1080p),http://198.204.240.250:82/live/cctv4k.m3u8
CCTV-8K (1080p),http://192.151.150.154/live/cctv8k.m3u8
CCTV-Billiards (1080p),http://38.75.136.137:98/gslb/dsdqpub/ystq.m3u8?auth=%2A%2A%2A
CCTV-Culture of Quality (1080p),http://38.75.136.137:98/gslb/dsdqpub/ysjp.m3u8?auth=%2A%2A%2A
CCTV-Golf & Tennis (1080p),http://38.75.136.137:98/gslb/dsdqpub/gefwq.m3u8?auth=%2A%2A%2A
CCTV-Health (1080p),http://38.75.136.137:98/gslb/dsdqpub/wsjk.m3u8?auth=%2A%2A%2A
CCTV-Nostalgia Theater (1080p),http://38.75.136.137:98/gslb/dsdqpub/hjjc.m3u8?auth=%2A%2A%2A
CCTV-Storm Football (1080p),http://38.75.136.137:98/gslb/dsdqpub/fyzq.m3u8?auth=%2A%2A%2A
CCTV-Storm Music (1080p),http://38.75.136.137:98/gslb/dsdqpub/fyyy.m3u8?auth=%2A%2A%2A
CCTV-Storm Theater (1080p),http://38.75.136.137:98/gslb/dsdqpub/fyjc.m3u8?auth=%2A%2A%2A
CCTV-The First Theater (1080p),http://38.75.136.137:98/gslb/dsdqpub/dyjc.m3u8?auth=%2A%2A%2A
CCTV-Weapon & Technology (1080p),http://38.75.136.137:98/gslb/dsdqpub/gfjs.m3u8?auth=%2A%2A%2A
CCTV-Women's Fashion (1080p),http://38.75.136.137:98/gslb/dsdqpub/nxss.m3u8?auth=%2A%2A%2A
CCTV-World Geography (1080p),http://38.75.136.137:98/gslb/dsdqpub/sjdl.m3u8?auth=%2A%2A%2A
Chifeng Comprehensive News Chanel,http://play1-qk.nmtv.cn/live/1735546697341033.m3u8
CND Film Middle School Channel,http://live2.rxip.sc96655.com/live/zxs_4000.m3u8?A=&E=&K=&P=&S=&U=
Dragon TV International (480p) [Geo-blocked],https://op-group1-swiftservesd-1.dens.tv/s/s29/index.m3u8
Fujian Comprehensive Channel,http://120.39.52.202:5140/%E7%A6%8F%E5%BB%BA%E7%BB%BC%E5%90%88
Guangdong Satellite TV,https://h5cul1yar48um3t.wcetv.com/hls/gdsatellite.m3u8
Guangzhou TV,https://tencentplaybusiness.gztv.com/live/zonghes.m3u8
Harbin Comprehensive News Channel,https://stream.hrbtv.net/xwzh/playlist.m3u8?_upt=ef41dd531755913594
Harbin Movie Channel,https://stream.hrbtv.net/yspd/playlist.m3u8
Hebei TV (2160p),https://event.pull.hebtv.com/live/live101.m3u8
Home Plus,https://homeplushls.wns.live/hls/stream.m3u8
Hunan TV (2160p),http://hlsal-ldvt.qing.mgtv.com/nn_live/nn_x64/dWlwPTEyNy4wLjAuMSZ1aWQ9cWluZy1jbXMmbm5fdGltZXpvbmU9OCZjZG5leF9pZD1hbF9obHNfbGR2dCZ1dWlkPTliODY4NmU5ZTM2YzYwMmMmZT02OTE0NjA0JnY9MSZpZD1ITldTWkdTVCZzPTcwN2RiYTc2YzJjNmJmMTQ4MmUyZGYzOWU2NWM3YWFi/HNWSZGST.m3u8
Jiangxi Children's Channel,https://play-live-hls.jxtvcn.com.cn/live-city/tv_jxtv6.m3u8
Jiangxi City Channel,https://play-live-hls.jxtvcn.com.cn/live-city/tv_jxtv2.m3u8
Jiangxi Economy & Life Channel,https://play-live-hls.jxtvcn.com.cn/live-city/tv_jxtv3.m3u8
Jiangxi Movie Channel,https://play-live-hls.jxtvcn.com.cn/live-city/tv_jxtv4.m3u8
Jiangxi Public & Agriculture Channel,https://play-live-hls.jxtvcn.com.cn/live-city/tv_jxtv5.m3u8
Jilin City Channel,https://lsfb.avap.jilintv.cn/zqvk7vpj/channel/7e8474e6daea44ccaa5aa2300191439e/index.m3u8
Jilin Lifestyle Channel,https://lsfb.avap.jilintv.cn/zqvk7vpj/channel/0a76740c72b74fabae611845aa21e06a/index.m3u8
Jilin Movie Channel,https://lsfb.avap.jilintv.cn/zqvk7vpj/channel/906341e6f19b4c4bacdc89941eb85d12/index.m3u8
Jilin Rural Channel,https://lsfb.avap.jilintv.cn/zqvk7vpj/channel/3ffc4824dce54b92be185555923ce382/index.m3u8
Lanzhou Comprehensive News Channel,https://liveplus.lzr.com.cn/xwzh/HD/live.m3u8
Lanzhou Culture & Tourism Channel,https://liveplus.lzr.com.cn/wlpd/HD/live.m3u8
Liangshan TV [Not 24/7],http://118.122.2.29:9999/hls/47/index.m3u8
Nanchang News & Generalist Channel,https://play-live-hls.jxtvcn.com.cn/live-city/tv_nanchang.m3u8
Nei Monggol TV (1080i) [Not 24/7],http://play1-qk.nmtv.cn/live/1769652018126032.m3u8
Nei Monggol TV 2 Mongolian Culture Channel (1080i) [Not 24/7],http://play1-qk.nmtv.cn/live/1769652109096027.m3u8
QTV-1,http://video10.qtv.com.cn/drm/qtv1at/manifest.m3u8
QTV-2,http://video10.qtv.com.cn/drm/qtv2at/manifest.m3u8
QTV-3,http://video10.qtv.com.cn/drm/qtv3at/manifest.m3u8
QTV-4,http://video10.qtv.com.cn/drm/qtv4at/manifest.m3u8
QTV-5,http://video10.qtv.com.cn/drm/qtv5at/manifest.m3u8
QTV-6,http://video10.qtv.com.cn/drm/qtv6at/manifest.m3u8
Shenzhen Satellite TV (2160p),https://livepull-tcms.sztv.com.cn/live/sz4Kpgm.m3u8
Siping TV,http://stream2.jlntv.cn/sptv/sd/live.m3u8?_upt=f27750421743154598
Tonghua TV (1080p),http://lsfb.avap.jilintv.cn/zqvk7vpj/channel/43ea5771aa44421591f9dfd2b71f1b9b/index.m3u8
TV BRICS Chinese (1080p),https://chibrics.mediacdn.ru/cdn/brics/chinese/playlist.m3u8
VOA美国之音 (1080p),https://voa-ingest.akamaized.net/hls/live/2033878/tvmc08/playlist.m3u8
Xinjiang TV 1,https://klmysjtzb.rcsxzx.com/hls/klmy2.m3u8
Xinjiang TV 2,http://110.153.180.106:55555/out_3/index.m3u8
Xinjiang TV 3,http://110.153.180.106:55555/out_2/index.m3u8
Xinjiang TV 8,http://120.70.60.179:9901/tsfile/live/1002_1.m3u8?authid=%2A%2A%2A&key=%2A%2A%2A&playlive=1
Xizang TV Tibetan (720p) [Not 24/7],http://php.jdshipin.com:8880/xztv.php?id=zy
Zhejiang TV International,https://ali-m-l.cztv.com/channels/lantian/channel10/1080p.m3u8
中国气象 (576p) [Not 24/7],http://hls.weathertv.cn/tslslive/qCFIfHB/hls/live_sd.m3u8
云南卫视 (1080p),https://hwapi.yunshicloud.com/8xughf/e0bx15.m3u8
优漫卡通 (576p),http://183.207.249.15/PLTV/4/224/3221225933/index.m3u8
兵团卫视 (540p) [Not 24/7],http://112.25.48.68/live/program/live/btws/1300000/mnf.m3u8
动作电影 (1080p),http://39.134.19.68/dbiptv.sn.chinamobile.com/PLTV/88888888/224/3221226465/index.m3u8
发现之旅 (576p),http://125.210.152.18:9090/live/FXZL_750.m3u8
和政电视台,http://117.156.28.119/270000001111/1110000149/index.m3u8
四川妇女儿童 (720p) [Not 24/7],http://scgctvshow.sctv.com/hdlive/sctv7/index.m3u8
天津卫视 (1080p),http://39.134.115.163:8080/PLTV/88888910/224/3221225698/index.m3u8
宁夏卫视 (576p),http://39.134.115.163:8080/PLTV/88888910/224/3221225726/index.m3u8
家庭影院 (1080p),http://39.134.19.153/dbiptv.sn.chinamobile.com/PLTV/88888888/224/3221226462/index.m3u8
山东体育 (1080p) [Geo-blocked],http://livealone302.iqilu.com/iqilu/typd.m3u8
山东农科 (406p) [Geo-blocked],http://livealone302.iqilu.com/iqilu/nkpd.m3u8
山东卫视 (720p),http://125.210.152.18:9090/live/SDWSHD_H265.m3u8
山东卫视 (1080p),http://39.134.115.163:8080/PLTV/88888910/224/3221225697/index.m3u8
山东少儿 (406p) [Geo-blocked],http://livealone302.iqilu.com/iqilu/sepd.m3u8
山东生活 (1080p) [Geo-blocked],http://livealone302.iqilu.com/iqilu/shpd.m3u8
山东综艺 (406p) [Geo-blocked],http://livealone302.iqilu.com/iqilu/zypd.m3u8
山东齐鲁 (1080p) [Geo-blocked],http://livealone302.iqilu.com/iqilu/qlpd.m3u8
康巴卫视 (720p) [Not 24/7],http://scgctvshow.sctv.com/hdlive/kangba/1.m3u8
徐州經濟生活 (1080p),http://223.110.245.167/ott.js.chinamobile.com/PLTV/3/224/3221225947/index.m3u8
敦煌电视台 (1080p),http://117.156.28.119/270000001111/1110000028/index.m3u8
江苏体育 (576p),http://183.207.248.71/gitv/live1/G_JSTY/G_JSTY
江苏公共 (576p),http://183.207.248.71/gitv/live1/G_JSGG/G_JSGG
江苏卫视 (1080p),http://39.134.24.166/dbiptv.sn.chinamobile.com/PLTV/88888890/224/3221226200/index.m3u8
江苏城市 (576p),http://183.207.248.71/gitv/live1/G_JSCS/G_JSCS
江苏影视 (576p),http://223.110.243.134/PLTV/4/224/3221225937/index.m3u8
江苏教育 (576p),http://223.110.245.151/ott.js.chinamobile.com/PLTV/3/224/3221225923/index.m3u8
江苏综艺 (576p) [Not 24/7],http://183.207.248.71/gitv/live1/G_JSZY/G_JSZY
江西卫视 (1080p),http://39.134.115.163:8080/PLTV/88888910/224/3221225705/index.m3u8
浙江卫视 (1080p),http://39.134.115.163:8080/PLTV/88888910/224/3221225703/index.m3u8
滁州市广播电视台 公共频道 (400p),http://live.cztv.cc:85/live/ggpd.m3u8
滁州市广播电视台 新闻综合频道 (1080p),http://live.cztv.cc:85/live/xwpd.m3u8
滁州科教 (450p),http://183.167.193.45:1935/live/cztvkj/playlist.m3u8
白城新闻综合 [Geo-blocked],https://stream2.jlntv.cn/baicheng1/sd/live.m3u8
纪实人文 (1080p),http://39.135.138.59:18890/PLTV/88888910/224/3221225655/index.m3u8
萍鄉新聞綜合 (576p) [Not 24/7],http://www.pxitv.com:8099/hls-live/livepkgr/_definst_/pxitvevent/pxtv1stream.m3u8
西安丝路 (404p) [Not 24/7],http://stream2.xiancity.cn/xatv5/playlist.m3u8
西安商务资讯 (180p) [Not 24/7],http://stream2.xiancity.cn/xatv3/playlist.m3u8
贵州卫视 (576p),http://183.207.248.71/gitv/live1/G_GUIZHOU/G_GUIZHOU
辽宁卫视 (1080p),http://39.134.39.37/PLTV/88888888/224/3221226209/index.m3u8
酒泉新闻综合 (576p),http://117.156.28.119/270000001111/1110000001/index.m3u8
金鹰卡通 (576p),http://223.110.245.145/ott.js.chinamobile.com/PLTV/3/224/3221226303/index.m3u8
长沙女性 [Geo-blocked],http://35848.hlsplay.aodianyun.com/guangdianyun_35848/tv_channel_349.m3u8
长沙政法 [Geo-blocked],http://35848.hlsplay.aodianyun.com/guangdianyun_35848/tv_channel_348.m3u8
长沙新闻 [Geo-blocked],http://35848.hlsplay.aodianyun.com/guangdianyun_35848/tv_channel_346.m3u8
青海卫视 (576p),http://39.134.115.163:8080/PLTV/88888910/224/3221225727/index.m3u8
风尚购物 (1080p),http://183.207.248.71/cntv/live1/fengshanggw/fengshanggw
高台电视台 (1080p),http://117.156.28.119/270000001111/1110000146/index.m3u8
鹤壁新闻综合 (480p) [Not 24/7],http://pili-live-hls.hebitv.com/hebi/hebi.m3u8
黑龙江 (1080p),http://223.110.245.161/ott.js.chinamobile.com/PLTV/3/224/3221227492/index.m3u8
CCTV风云足球,https://epg.pw/stream/6d7bf281e3d739806a73f5373acaa6e01988ec9739f5ac1355ce54b47a928472.m3u8
CGTN,http://english-livetx.cgtn.com/hls/yypdyyctzb_hd.m3u8
CGTN俄语,http://russian-livews.cgtn.com/hls/LSvexABhNipibK5KRuUkvHZ7220802LSTeze9o8tdFXMHsb1VosgoT220802cd.m3u8
CGTN法语,https://0472.org/hls/cgtnf.m3u8
CGTN西语,https://0472.org/hls/cgtnx.m3u8
CGTN阿语,https://0472.org/hls/cgtna.m3u8
CCTV文化精品,https://live.264788.xyz/channel/yangshiwenhuajingpin?streamid=bc185d1ef1e528922e83efd845006277&livekey=01WgOR41rriMmMkzNsd0UoaxJRwetZdxIvtVk
中国交通,http://drive.mxmy.net:8888/udp/239.3.1.188:8001
兵器科技,https://live.264788.xyz/channel/bingqikeji?streamid=6fc55a0966bdad1e1cdf39a4d37dd776&livekey=01WgOR41rriMmMkzNsd0UoaxJRwetZdxIvtVk
熊猫直播,https://gcwbndali.v.myalicdn.com/gcwbnd/ipanda1000_2/index.m3u8
支持作者,https://vd2.bdstatic.com/mda-sctj0f6r4u1bpebc/1080p/cae_h264/1774706523506678171/mda-sctj0f6r4u1bpebc.mp4
兵团卫视,http://27.39.122.2:9901/tsfile/live/1089_1.m3u8?key=%2A%2A%2A&playlive=1&authid=%2A%2A%2A
海峡卫视,http://113.57.140.161:10081/newlive/live/hls/27/live.m3u8
农林卫视,http://111.59.24.227:8181/tsfile/live/1039_1.m3u8?key=%2A%2A%2A&playlive=1&authid=%2A%2A%2A
厦门卫视,http://58.56.162.102:4466/newlive/live/hls/28/live.m3u8
上海卫视,http://112.27.235.94:8000/hls/28/index.m3u8
延边卫视,http://l.cztvcloud.com/channels/lantian/SXxinchang2/720p.m3u8
南方卫视,http://120.237.39.10:9901/tsfile/live/1012_1.m3u8?key=%2A%2A%2A&playlive=1&down=1
安多卫视,https://liveout.xntv.tv/a65jur/96iln2.m3u8
上海卫视,http://112.27.235.94:8000/hls/28/index.m3u8
大湾区卫视,http://222.128.55.152:9080/live/dwq.m3u8
山东教育,https://test1.live.sdetv.com.cn/live/dianshizhibo/playlist.m3u8
人间卫视,https://5ddce30eb4b55.streamlock.net/bltvhd/bltv1/chunklist_w511254805.m3u8
苏州4K,https://tylive.kan0512.com/norecord/csztv4k_4k.m3u8
CHC电影,http://183.237.95.108:9901/tsfile/live/1008_1.m3u8?key=%2A%2A%2A&playlive=0&authid=%2A%2A%2A
人在囧途,https://vip.ffzy-play.com/20221018/1953_2d6ba500/index.m3u8
人在囧途之泰囧,https://vip.ffzy-play.com/20221018/1951_47e1adc8/index.m3u8
人在囧途之港囧,https://vip.ffzy-play7.com/20230112/11082_fde1a94d/index.m3u8
倩女幽魂人间道,http://jsmov2.a.yximgs.com/bs3/video-hls/5250634317044855747_hlsb.m3u8
倩女幽魂妖魔道,http://jsmov2.a.yximgs.com/bs3/video-hls/5232901391302199073_hlsb.m3u8
倩女幽魂道道道,http://jsmov2.a.yximgs.com/bs3/video-hls/5216294367991385255_hlsb.m3u8
寒战,https://vip.ffzy-play6.com/20221019/157_bf0740ee/index.m3u8
我不是药神,https://vip.ffzy-play1.com/20221018/478_c3afed66/index.m3u8
拆弹专家1,https://vip.ffzy-online.com/20221015/719_80ff87c2/index.m3u8
拆弹专家2,https://vip.ffzy-online.com/20221015/722_e32c42bc/index.m3u8
电影喜剧专场,http://live.metshop.top/huya/11602044?cdn=alicdn
让子弹飞,https://vip.ffzy-play7.com/20230116/11563_b9f44814/index.m3u8
龙门飞甲,http://jsmov2.a.yximgs.com/bs3/video-hls/5203346449046555193_hlsb.m3u8
南国都市,https://tencentplay.gztv.com/live/nanguodushi.m3u8?txSecret=%2A%2A%2A&txTime=1903e7b17de
四川科教,http://182.150.115.21:8030/pcgacg/pcgacg_0.m3u8
优漫卡通,http://175.0.69.253:9002/tsfile/live/1006_1.m3u8?key=%2A%2A%2A&playlive=1&authid=%2A%2A%2A
卡酷少儿,http://111.59.139.82:11888/tsfile/live/1056_1.m3u8?key=%2A%2A%2A&playlive=1&authid=%2A%2A%2A
金鹰卡通,http://171.38.148.188:9003/hls/50/index.m3u8
广东少儿,http://171.38.148.188:9003/hls/45/index.m3u8
浙江少儿,https://ali-m-l.cztv.com/channels/lantian/channel008/1080p.m3u8
七龙珠,https://live.metshop.top/huya/11601966
中华小当家,https://live.metshop.top/huya/11342413
动漫秀场,http://139.214.181.174:9901/tsfile/live/1020_1.m3u8?key=%2A%2A%2A&playlive=1&authid=%2A%2A%2A
海绵宝宝,https://live.metshop.top/douyu/3949681
猫和老鼠,https://live.metshop.top/huya/11352879
福州少儿,http://live.zohi.tv/video/s10001-fztv-4/index.m3u8
韩国EBS少儿,http://ebsonairios.ebs.co.kr/ebsutablet500k/tablet500k/playlist.m3u8
黑龙江少儿,https://ls.qingting.fm/live/4972/64k.m3u8
广东珠江,http://171.38.148.188:9003/hls/39/index.m3u8
快乐垂钓,http://drive.mxmy.net:8888/udp/239.3.1.164:8001
七台河新闻综合,http://live.qthnews.org.cn:1935/live/live1/800k/tzwj_video.m3u8
七台河民生社教,http://live.qthnews.org.cn:1935/live/live2/800k/tzwj_video.m3u8
万荣综合,http://60.222.246.220:19433/hls1.m3u8
三明新闻综合,https://ls.qingting.fm/live/5022100/64k.m3u8
上海第一财经,https://satellitepull.cnr.cn/live/wx32dycjgb/playlist.m3u8
上虞文化影院,http://l.cztvcloud.com/channels/lantian/SXshangyu2/720p.m3u8
上虞新商都,http://l.cztvcloud.com/channels/lantian/SXshangyu3/720p.m3u8
上虞新闻综合,http://l.cztvcloud.com/channels/lantian/SXshangyu1/720p.m3u8?zzhed=
东丰综合,http://stream3.jlntv.cn:80/aac_dfgb/playlist.m3u8
东莞新闻综合,https://stream.sun0769.com/dgrtv1/mp4tv1_800/index.m3u8
东莞生活资讯,https://stream.sun0769.com/dgrtv1/mp4tv2_800/index.m3u8
中国蓝新闻,http://ali-m-l.cztv.com/channels/lantian/channel009/1080p.m3u8
乐至综合,http://175.155.106.72:89/live1/live1.m3u8?zsicd=
九台综合,http://stream10.jlntv.cn/jiutaitv/sd/live.m3u8
云南都市,https://hwapi.yntv.net/62hdvf/rjwt14.m3u8
云和新闻综合,http://l.cztvcloud.com/channels/lantian/SXyunhe1/720p.m3u8
云霄综合,https://live.zzyxxw.com:2443/live/xwzh.m3u8
井研综合,http://tvfile.jyrmt.cn/nmip-media/channellive/channel104452/playlist.m3u8
亳州农村,http://zbbf2.ahbztv.com/live/418.m3u8
仁寿综合,https://play.scrstv.com.cn/DT/live.m3u8?auth_key=%2A%2A%2A
任丘综合,https://jwcdnqx.hebyun.com.cn/live/rqtv1/1500k/tzwj_video.m3u8
伊犁哈萨克,http://110.153.180.106:55555/out_3/index.m3u8
伊犁经济法制,http://110.153.180.106:55555/out_4/index.m3u8
伊犁维吾尔,http://110.153.180.106:55555/out_2/index.m3u8
余姚姚江文化,https://l.cztvcloud.com/channels/lantian/SXyuyao3/720p.m3u8
余姚新闻综合,http://l.cztvcloud.com/channels/lantian/SXyuyao1/720p.m3u8
余姚综合,https://l.cztvcloud.com/channels/lantian/SXyuyao1/720p.m3u8
余杭未来E,http://l.cztvcloud.com/channels/lantian/SXyuhang3/720p.m3u8
余杭综合,http://l.cztvcloud.com/channels/lantian/SXyuhang1/720p.m3u8
六安公共,http://ls.qingting.fm/live/1794199.m3u8
六安新闻综合,http://ls.qingting.fm/live/267.m3u8
兰溪新闻综合,http://l.cztvcloud.com/channels/lantian/SXlanxi1/720p.m3u8
兴隆综合,https://jwcdnqx.hebyun.com.cn/live/xlzh/1500k/tzwj_video.m3u8
兵团五师双河新闻综合,http://liveout.btzx.com.cn/62ds9e/4nxdih.m3u8?fbl=
兵团八师石河子新闻综合,http://124.88.144.73:1935/live/xwzh/playlist.m3u8?zxinjd=
剑阁综合,https://m3u8.channel.dzsm.com/nmip-media/channellive/channel105549/playlist.m3u8
北京新闻,https://satellitepull.cnr.cn/live/wxbjxwgb/playlist.m3u8
南京教科,http://nklive.nbs.cn/hls/75b3c462-b831-4de7-a34b-5d3221db2069/index.m3u8
南京新闻综合,http://nklive.nbs.cn/hls/d511bc9d-a694-4453-b3a2-4fc842cc97a1/index.m3u8
南国都市,http://tencentplay.gztv.com/live/nanguodushi.m3u8?txSecret=%2A%2A%2A&txTime=18d57929bd4
南宁都市生活,http://615bbf179ba53515dccad7b1da5d1ad9.livehwc3.cn/hls.nntv.cn/nnlive/WLSH_24.m3u8?sub_m3u8=true&edge_slice=true&user_session_id=2598844eaee8a4265e706fc14b3fc11d
双辽综合,http://stream3.jlntv.cn:80/aac_slgb/playlist.m3u8
古县综合,https://l2fpdktp.live.sxmty.com/live/hls/e4c3b363cc4549788e2d983f403e07db/d99ce1eb686e41b9afc888110bd95aa7.m3u8?zshanxd=
句容党建,http://jrlive.jrntv.com/live/_definst_/dangjians/playlist.m3u8?%E5%85%B3%E6%B3%A8%E5%BE%AE%E4%BF%A1%E5%85%AC%E4%BC%97%E5%8F%B7%5B%E6%99%B4%E5%9B%AD%5D=
句容影院,http://jrlive.jrntv.com/live/_definst_/yingshis/chunklist_w1994429382.m3u8?zjiangsd=
句容生活,http://jrlive.jrntv.com/live/_definst_/shenghuos/playlist.m3u8?%E5%85%B3%E6%B3%A8%E5%BE%AE%E4%BF%A1%E5%85%AC%E4%BC%97%E5%8F%B7%5B%E6%99%B4%E5%9B%AD%5D=
可克达拉综合,http://file.loulannews.cn/nmip-media/channellive/channel103824/playlist.m3u8
合肥新闻,http://112.27.235.94:8000/hls/18/index.m3u8
吉林乡村,https://satellitepull.cnr.cn/live/wxjlxcgb/playlist.m3u8
名山综合,https://m3u8channel-bx.yunxya.com/nmip-media/channellive/channel104666/playlist.m3u8
哈尔滨娱乐,https://stream.hrbtv.net/ylpd/sd/live.m3u8
哈尔滨新闻综合,http://stream.hrbtv.net/xwzh/sd/live.m3u8?zheild=
哈尔滨生活,http://stream.hrbtv.net/shpd/sd/live.m3u8?zheild=
哈尔滨资讯,http://stream.hrbtv.net/zxpd/sd/live.m3u8
哈尔滨都市咨询,http://stream.hrbtv.net/zxpd/sd/live.m3u8?zheild=
嘉兴新闻综合,http://live.zohi.tv/video/s10001-fztv-1/index.m3u8
嘉峪关综合,http://play.kankanlive.com/live/1720583434627241.m3u8
固镇新闻,http://www.guzhenm.com:7001/hls/hd-live.m3u8
大宁综合,http://live.daningtv.com/aac_dngb/playlist.m3u8
天祝综合,https://play.kankanlive.com/live/1656487214793905.m3u8
太谷新闻综合,https://p2.vzan.com/slowlive/596867413819827251/live.m3u8?zbid=1725814272&tpid=1516989100&type=0
夹江新闻综合,http://tvfile.jjrm.org.cn/nmip-media/channellive/channel106282/playlist.m3u8?zsicd=
奎屯哈萨克语,http://218.84.12.186:8002/hls/main/playlist.m3u8?zxinjd=
安徽导视,http://dspdhls.appcoo.com:8888/live/dspd/index.m3u8
安顺新闻,https://ls.qingting.fm/live/5022203/64k.m3u8
定襄综合,http://lbyzztfe.live.sxmty.com/live/hls/645ff4c60e0a49f0a203abbd73dd8be9/0720e665f10f48e98c9639f4f492fb4a-1.m3u8?zshanxd=
山东生活,http://ls.qingting.fm/live/60260.m3u8
嵊州新闻综合,http://l.cztvcloud.com/channels/lantian/SXshengzhou1/720p.m3u8?zzhed=#http://l.cztvcloud.com/channels/lantian/SXshengzhou1/720p.m3u8
嵊泗综合,http://l.cztvcloud.com/channels/lantian/SXshengsi1/720p.m3u8
常熟民生,http://3gvod.zjgonline.com.cn:1935/live/_definst_/shehuishenghuo_app/chunklist.m3u8
平泉综合,https://jwcdnqx.hebyun.com.cn/live/pqzh/1500k/tzwj_video.m3u8
平湖新闻综合,http://l.cztvcloud.com/channels/lantian/SXpinghu1/720p.m3u8?zzhed=
平湖民生休闲,http://l.cztvcloud.com/channels/lantian/SXpinghu2/720p.m3u8
平遥新闻综合,https://tntgjhjb.live.sxmty.com/live/hls/3a4585ac11ec4e1bb07b419101b370c3/baf63e2b313440c2a25d7859f9b73b05-1.m3u8?zshanxd=
广东民生,http://183.11.239.36:808/hls/18/index.m3u8
广元公共,https://m3u8.channel.dzsm.com/nmip-media/channellive/channel101257/playlist.m3u8
广元综合,https://m3u8.channel.dzsm.com/nmip-media/channellive/channel100999/playlist.m3u8
广安公共,http://live1.gatv.com.cn:85/live/GGPD_ggpdzm.m3u8
广州新闻,http://tencentplay.gztv.com/live/xinwen.m3u8?txSecret=%2A%2A%2A&txTime=18d57929bd3
广州综合,https://tencentplay.gztv.com/live/zonghes.m3u8?txSecret=%2A%2A%2A&txTime=18d00acf488
广德生活,https://live.gdtv.ah.cn/live/newsTV.m3u8
广西国际,https://hlscdn.liangtv.cn/live/0234c48e0bc24fe1b41b9999a253e581/1075ee38e04f490690f6a36a16e09c79.m3u8
庆元新闻综合,http://l.cztvcloud.com/channels/lantian/SXqingyuan1/720p.m3u8?fbl=
庆元综合,http://l.cztvcloud.com/channels/lantian/SXqingyuan1/720p.m3u8
延边2,http://stream5.jlntv.cn/wq/playlist.m3u8
开化国家公园,http://l.cztvcloud.com/channels/lantian/SXkaihua2/720p.m3u8
开化新闻综合,http://l.cztvcloud.com/channels/lantian/SXkaihua1/720p.m3u8?zzhed=
张掖新闻综合,https://play.kankanlive.com/live/1720583434627241.m3u8
德惠综合,http://stream11.jlntv.cn/dehuitv/sd/live.m3u8
怀仁综合,https://1yp7hc5p.live.sxmty.com/live/hls/bff8529922344209985b6e49baa9555a/efa2543628fc4a7ea93d3d6c975f77dc-1.m3u8
敦化一套,http://stream8.jlntv.cn/dhtv/playlist.m3u8
数码时代,http://ali-m-l.cztv.com/channels/lantian/channel12/720p.m3u8?zzhed=
文成新闻综合,http://l.cztvcloud.com/channels/lantian/SXwencheng1/720p.m3u8
文成综合,http://l.cztvcloud.com/channels/lantian/SXwencheng1/720p.m3u8?zzhed=
新昌新闻综合,https://l.cztvcloud.com/channels/lantian/SXxinchang1/720p.m3u8
新昌生活,http://l.cztvcloud.com/channels/lantian/SXxinchang2/720p.m3u8
新沂新闻,http://live.xysrmt.cn/xwzh/sd/live.m3u8?zjiangsd%22=
新沂生活,http://live.xysrmt.cn/shpd/sd/live.m3u8?zjiangsd=
新野综合,http://tvpull.dxhmt.cn:9081/tv/11329-1.m3u8
新闻综合,https://m3u8channel.yunxya.com/nmip-media/channellive/channel100028/playlist.m3u8
无锡娱乐,https://stream.thmz.com/wxtv2/playlist.m3u8
无锡新闻综合,http://stream.thmz.com/wxtv1/playlist.m3u8
无锡生活,https://stream.thmz.com/wxtv4/playlist.m3u8
无锡经济,https://stream.thmz.com/wxtv5/playlist.m3u8
无锡都市资讯,http://stream.thmz.com/wxtv3/playlist.m3u8
旺苍新闻综合,http://channel.wcrmt.cn:80/nmip-media/channellive/channel105268/playlist.m3u8
昌黎综合,https://jwcdnqx.hebyun.com.cn/live/clzhpd/1500k/tzwj_video.m3u8
易门综合,https://zb-live.ynurl.com/yimen/3b75a2f9-7941-46b7-992d-a9796fbca5fe.m3u8
普陀新闻综合,http://l.cztvcloud.com/channels/lantian/SXputuo1/720p.m3u8
普陀电视台,https://l.cztvcloud.com/channels/lantian/SXputuo1/720p.m3u8
朝天综合,https://m3u8.channel.dzsm.com/nmip-media/channellive/channel104601/playlist.m3u8
来宾综合,http://zb.gxlbamc.com:1935/live/lbzh.stream/playlist.m3u8
松潘新闻综合,http://live.spccmc.com:90/live/spxwzh.m3u8
松阳综合,http://l.cztvcloud.com/channels/lantian/SXsongyang1/720p.m3u8
柳河综合,http://stream3.jlntv.cn:80/aac_lhgb/sd/live.m3u8
桦甸综合,http://stream9.jlntv.cn:80/aac_huadiangb/playlist.m3u8
梅河口综合,http://stream3.jlntv.cn:80/aac_mhkgb/playlist.m3u8
梨园,https://dxtx.hntv.tv/live/lypd.m3u8?txSecret=%2A%2A%2A&txTime=7B923E0A&wsSecret=%2A%2A%2A&wsTime=1769313549
武义新闻综合,http://l.cztvcloud.com/channels/lantian/SXwuyi1/720p.m3u8
武汉一台新闻综合,https://ls.qingting.fm/live/20198/64k.m3u8
武进新闻,https://live.wjyanghu.com/live/CH1.m3u8
武进生活,http://live.wjyanghu.com/live/CH2.m3u8
永嘉新闻综合,http://l.cztvcloud.com/channels/lantian/SXyongjia1/720p.m3u8
永城综合,http://tvpull.dxhmt.cn:9081/tv/11481-1.m3u8
永昌综合,https://play.kankanlive.com/live/1652755738635915.m3u8
江夏新闻综合,http://59.175.226.142:280/gb28181/xwzh.m3u8?zhubd=
汪清综合,http://stream5.jlntv.cn/wq/sd/live.m3u8
汶川新闻综合,http://live.iwcmt.cn:90/live/zhxw.m3u8
汾西综合,https://qmmqvzoz.live.sxmty.com/live/hls/f24f8a390c084386a564074c9260100c/be3fdf07606145739ab2c4b80fe0136a.m3u8?zshanxd=
沐川综合,http://file.ysxtv.cn/cms/videos/nmip-media/channellive/channel4/playlist.m3u8?zsicd=
河北农民,https://ls.qingting.fm/live/1650/64k.m3u8
河北都市,https://radio.pull.hebtv.com/live/hebnczx.m3u8
河源公共,http://tmpstream.hyrtv.cn/hygg/sd/live.m3u8
河源综合,http://tmpstream.hyrtv.cn/xwzh/sd/live.m3u8
泗洪新闻综合,http://live1.habctv.com/ggpdsl/sd/live.m3u8?zjiangsd=#http://live1.habctv.com/ggpdsl/sd/live.m3u8
泸县新闻综合,http://lxfile.lxxcb.cn:80/nmip-media/channellive/channel103799/playlist.m3u8
洞头综合,http://l.cztvcloud.com/channels/lantian/SXdongtou1/720p.m3u8
津南一套,http://play.jinnantv.top/live/JNTV1.m3u8?ztianjd=
浙江休闲台,http://ali-m-l.cztv.com/channels/lantian/channel006/720p.m3u8
浙江公共新闻,https://ali-m-l.cztv.com/channels/lantian/channel007/1080p.m3u8
浙江国际,http://ali-m-l.cztv.com/channels/lantian/channel010/1080p.m3u8
浙江教科,http://ali-m-l.cztv.com/channels/lantian/channel004/1080p.m3u8
浙江教育,http://ali-m-l.cztv.com/channels/lantian/channel04/720p.m3u8
浙江数码时代,http://ali-m-l.cztv.com/channels/lantian/channel12/720p.m3u8
浙江新闻,http://ali-m-l.cztv.com/channels/lantian/channel07/720p.m3u8
浙江民生,http://ali-m-l.cztv.com/channels/lantian/channel06/1080p.m3u8
浙江民生休闲,https://ali-m-l.cztv.com/channels/lantian/channel006/1080p.m3u8
浙江生活,http://ls.qingting.fm/live/1099.m3u8
浙江留学,http://ali-vl.cztv.com/channels/lantian/channel009/360p.m3u8
浙江经济,http://ali-m-l.cztv.com/channels/lantian/channel003/1080p.m3u8
浙江经济生活,http://ali-m-l.cztv.com/channels/lantian/channel03/1080p.m3u8
浙江经视,https://ali-m-l.cztv.com/channels/lantian/channel003/1080p.m3u8
浙江遂昌,http://l.cztvcloud.com/channels/lantian/SXsuichang1/720p.m3u8
浙江钱江,http://l.cztvcloud.com/channels/lantian/SXyuyao2/720p.m3u8
浙江钱江都市,https://ali-m-l.cztv.com/channels/lantian/channel002/1080p.m3u8
浙江钱江频道,http://ali-m-l.cztv.com/channels/lantian/channel02/1080p.m3u8
海南新闻,http://ls.qingting.fm/live/1861.m3u8
海宁新闻综合,https://p2hs.vzan.com/slowlive/317913155078575177/live.m3u8
涟水电视台综合,http://live1.habctv.com/ggpdsl/sd/live.m3u8
清河经济综艺,https://jwcdnqx.hebyun.com.cn/live/qinghe1/1500k/tzwj_video.m3u8
渭源新闻,http://play.kankanlive.com/live/1720408280309109.m3u8
湖州公共民生,http://hzcm-live.media.hugd.com/1e6b554b9ab74513958c0e1ffe664d22/9acaa7634309494cb29a85eb12136607.m3u8?auth_key=%2A%2A%2A
湖州文化娱乐,http://hzcm-live.media.hugd.com/613c47f0ab0d4eaa98b21378d0db6ded/0051d31c9dd543a7825eea4e49675b2a.m3u8?auth_key=%2A%2A%2A
湖州新闻综合,http://hzcm-live.media.hugd.com/3f5fa7d64c7c46a38c6bd8ad35e836cc/65128273761b4731ae53729ea6dcf932.m3u8?auth_key=%2A%2A%2A
滦平新闻,http://jwplay.hebyun.com.cn/live/LPTV001/1500k/tzwj_video.m3u8
滨海新闻综合,http://traffic.jbh.tjbh.com/live/bhtv10/playlist.m3u8
灌阳新闻综合,https://ls.qingting.fm/live/5043/64k.m3u8
烟台公共,http://live.yantaitv.cn/live/e50f104a4ffe4a41b2217cbda534146f/d86092e69df94668b33390278b061700-1.m3u8
烟台新闻综合,http://live.yantaitv.cn/live/3e81a8879da44c5dadf3bd9c10468e1c/9b776d420ee4438199b7657c8eb88f07-1.m3u8
烟台经济科技,http://live.yantaitv.cn/live/27f84144e95a4652ae9e5c211b2a6b55/405f3e33ba384aa0a16014d0becd1261-1.m3u8
玛纳斯综合,http://218.84.127.245:1026/hls/main1/playlist.m3u8?zxinjd%2C=
现代教育,http://120.198.86.186:9901/tsfile/live/1112_1.m3u8?key=%2A%2A%2A&playlive=1&authid=%2A%2A%2A
璧山综合,http://222.179.42.129:8181/hls1.m3u8
甘南县综合,https://stream.hrbtv.net/zxpd/sd/live.m3u8
甘孜综合,http://tv.drs.ganzitv.com:8100/channellive/gztv.flv
甘肃经济,https://satellitepull.cnr.cn/live/wxgshhzs/playlist.m3u8
甘肃都市,https://satellitepull.cnr.cn/live/wxgsdstb/playlist.m3u8
番禺综合,http://video.epaper.pybtv.cn:8080/live/rtmp_live_demo.flv
白银综合,http://play.kankanlive.com/live/1720408089419110.m3u8
磐石综合,http://stream3.jlntv.cn:80/aac_psgb/sd/live.m3u8
祁门综合,http://zbbf2.ahbztv.com/live/416.m3u8?zanhd=
福州生活,http://live.zohi.tv:80/video/s10001-fztv-3/index.m3u8
福建公共,https://live.264788.xyz/channel/fujianxiangcungonggong?streamid=1cf7fc3a8f6d160c33b43c2f9507a0cc&livekey=01WgOR41rriMmMkzNsd0UoaxJRwetZdxIvtVk
福建新闻,http://satellitepull.cnr.cn/live/wx32fjxwgb/playlist.m3u8
福建旅游,https://live.264788.xyz/channel/fujianlvyou?streamid=221239fcf3c7edb274f2f0760fe47f96&livekey=01WgOR41rriMmMkzNsd0UoaxJRwetZdxIvtVk
福建经济,http://satellitepull.cnr.cn/live/wx32fjdnjjgb/playlist.m3u8
第一财经,http://satellitepull.cnr.cn/live/wx32dycjgb/playlist.m3u8
绍兴公共,http://live.shaoxing.com.cn/video/s10001-sxtv2/index.m3u8
绍兴电视台公共,http://live.shaoxing.com.cn/video/s10001-sxtv2/index.m3u8?%E5%85%B3%E6%B3%A8%E5%BE%AE%E4%BF%A1%E5%85%AC%E4%BC%97%E5%8F%B7%5B%E6%99%B4%E5%9B%AD%5D=
经济科教,http://218.13.138.139:59901/tsfile/live/1004_1.m3u8?key=%2A%2A%2A&playlive=1&authid=%2A%2A%2A
缙云新闻综合,http://l.cztvcloud.com/channels/lantian/SXjinyun1/720p.m3u8
缙云综合,http://l.cztvcloud.com/channels/lantian/SXjinyun1/720p.m3u8?zzhed=
舒兰新闻综合,http://stream8.jlntv.cn/shulan/sd/live.m3u8?_upt=332db6421699196585
苍南新闻综合,https://l.cztvcloud.com/channels/lantian/SXcangnan1/720p.m3u8
苏州文化生活,https://live-auth.51kandianshi.com/szgd/csztv3.m3u8
苏州新闻综合,https://live-auth.51kandianshi.com/szgd/csztv1.m3u8
苏州生活资讯,https://live-auth.51kandianshi.com/szgd/csztv5.m3u8
苏州社会经济,https://live-auth.51kandianshi.com/szgd/csztv2.m3u8
荆门新闻综合,http://stream.jmtv.com.cn/xwzh/sd/live.m3u8
荥经综合,https://m3u8channel-yj.yunxya.com/nmip-media/channellive/channel101140/playlist.m3u8
荥阳综合,http://tvpull.dxhmt.cn:9081/tv/10182-1.m3u8
营山电视台,http://file.ysxtv.cn/cms/videos/nmip-media/channellive/channel4/playlist.m3u8?zsicd=#http://file.ysxtv.cn/cms/videos/nmip-media/channellive/channel4/playlist.m3u8
萧山新闻综合,https://l.cztvcloud.com/channels/lantian/SXxiaoshan1/720p.m3u8
萧山生活,https://l.cztvcloud.com/channels/lantian/SXxiaoshan2/720p.m3u8
萧山综合,http://l.cztvcloud.com/channels/lantian/SXxiaoshan1/720p.m3u8
衡水公共,http://ls.qingting.fm/live/2810.m3u8
衡阳新闻综合,https://liveplay-srs.voc.com.cn/hls/tv/183_554704.m3u8
衢江新闻综合,http://l.cztvcloud.com/channels/lantian/SXqujiang1/720p.m3u8?zzhed=
西宁新闻综合,https://liveout.xntv.tv/a65jur/96iln2.m3u8?zqinghd=
西安新闻,http://112.46.105.20:8009/hls/28/index.m3u8
西安都市,http://112.46.105.20:8009/hls/29/index.m3u8
西峰综合,https://play.kankanlive.com/live/1683944827526991.m3u8
诸暨新闻综合,https://l.cztvcloud.com/channels/lantian/SXzhuji3/720p.m3u8
象山新闻综合,http://l.cztvcloud.com/channels/lantian/SXxiangshan1/720p.m3u8
象山综合,http://play-sh13.quklive.com/live/1702360350551252.m3u8?auth_key=%2A%2A%2A
辉南新闻综合,http://stream5.jlntv.cn/hn/sd/live.m3u8
辽宁都市,https://ls.qingting.fm/live/1099/64k.m3u8
通化县综合,http://stream3.jlntv.cn:80/aac_thxgb/playlist.m3u8
通海电视台,https://zb-live.ynurl.com/tonghai/3bfe3a9e-48e6-4c1e-8770-1df66447cc6c.m3u8
遂昌综合,http://l.cztvcloud.com/channels/lantian/SXsuichang1/720p.m3u8?zzhed=
邢台生活,https://jwcdnqx.hebyun.com.cn/live/xtcsshpd/1500k/tzwj_video.m3u8
邢台综合,http://jwplay.hebyun.com.cn/live/xtsrmtzs/1500k/tzwj_video.m3u8
邯郸公共频道,https://jwcdnqx.hebyun.com.cn/live/hdgg/1500k/tzwj_video.m3u8
邯郸新闻,https://jwcdnqx.hebyun.com.cn/live/hdxwzh/1500k/tzwj_video.m3u8
邯郸科技教育,https://jwcdnqx.hebyun.com.cn/live/hdkj/1500k/tzwj_video.m3u8
金川乡村,http://live.jinchuanrmt.com:90/live/jcxc.m3u8?zsicd=
金川新闻综合,http://139.203.180.9:90/live/zhxw.m3u8
铜梁综合,http://183.64.174.171:40123/ch1.m3u8?zzhongqd=
铜陵新闻综合,https://ls.qingting.fm/live/21303/64k.m3u8
镇江二套社会民生,http://zjtv-wshls.homecdn.com/live/2aa16.m3u8
镇江新闻综合,http://cm-wshls.homecdn.com/live/2aa50.m3u8
长子综合,https://www.wxhcgbds.com:8081/channelTv/WXTV_1.m3u8?zshanxd=
长影频道,http://tpc.x3322.net:9901/tsfile/live/1010_1.m3u8
长沙新闻综合,http://ls.qingting.fm/live/4877.m3u8
长白山电视台,http://stream8.jlntv.cn/cbstv/sd/live.m3u8?zjild=
长白朝语,http://hplayer1.juyun.tv:80/camera/11344136.m3u8
陕西公共,http://ls.qingting.fm/live/1222.m3u8
陕西新闻咨询,http://112.46.105.20:8009/hls/18/index.m3u8
陕西都市青春,http://112.46.105.20:8009/hls/19/index.m3u8
雅安新闻综合,https://play.yunxya.com/channellive/xinwen.m3u8
青川综合,http://qcfile.qcrmt.com/nmip-media/channellive/channel100933/playlist.m3u8
青田电视台,http://l.cztvcloud.com/channels/lantian/SXqingtian1/720p.m3u8
靖宇综合,http://stream9.jlntv.cn:80/aac_jygb/playlist.m3u8
靖江新闻综合,http://ls.qingting.fm/live/23797.m3u8
黄山公共生活,http://hslive.hsnewsnet.com/lsdream/iY92ady/1000/live.m3u8?zanhd=
黄山新闻综合,http://hslive.hsnewsnet.com/lsdream/hve9Wjs/1000/live.m3u8?zanhd=
黑龙江文体,https://idclive.hljtv.com:4430/live/hljwy_hd.m3u8
黑龙江新闻,https://ls.qingting.fm/live/4974/64k.m3u8
黑龙江都市,https://idclive.hljtv.com:4430/live/dushi_hd.m3u8
龙井综合,http://stream9.jlntv.cn:80/aac_longjinggb/playlist.m3u8
龙泉新闻综合,http://l.cztvcloud.com/channels/lantian/SXlongquan1/720p.m3u8
龙游新闻综合,https://l.cztvcloud.com/channels/lantian/SXlongyou1/720p.m3u8
龙游生活娱乐,https://l.cztvcloud.com/channels/lantian/SXlongyou2/720p.m3u8
CGTN纪录,https://0472.org/hls/cgtnd.m3u8
航拍中国第二季,http://newcntv.qcloudcdn.com/asp/hls/4000/0303000a/3/default/2bdfdad540b342f592f9817cb7f3b79a/4000.m3u8
东丰,http://stream5.jlntv.cn/df/sd/live.m3u8?zjild=
中国村庄,http://newcntv.qcloudcdn.com/asp/hls/4000/0303000a/3/default/93fc12dbf14241c18c23da104fbade23/4000.m3u8
之江纪录,https://ali-m-l.cztv.com/channels/lantian/channel12/720p.m3u8
九台,http://stream10.jlntv.cn/jiutaitv/sd/live.m3u8?zjild=
人与自然,http://newcntv.qcloudcdn.com/asp/hls/1200/0303000a/3/default/1425e1d505654cb48ba82b807b221193/1200.m3u8
伊犁经济法制,http://110.153.180.106:55555/out_4/index.m3u8?zxinjd=
伊犁维吾尔,http://110.153.180.106:55555/out_2/index.m3u8?zxinjd=
兵团五师双河影,https://liveout.btzx.com.cn/62ds9e/6o77s4.m3u8?zxinjd=
双辽,http://stream5.jlntv.cn/sl/sd/live.m3u8?zjild=
地理中国,http://newcntv.qcloudcdn.com/asp/hls/1200/0303000a/3/default/c6baf6f74bb944aeacee1065ea72c798/1200.m3u8
奎屯汉语,http://218.84.12.186:8001/hls/main/playlist.m3u8?zxinjd=
敦化一套,http://stream8.jlntv.cn/dhtv/playlist.m3u8?zjild=
柳河,http://stream5.jlntv.cn/lh/sd/live.m3u8?zjild=
桦甸,http://stream10.jlntv.cn/huadian/sd/live.m3u8?zjild=
江津新闻,http://222.179.155.21:1935/ch1.m3u8?zzhongqd=
汪清,http://stream5.jlntv.cn/wq/sd/live.m3u8?zjild=
玛纳斯,http://218.84.127.245:1026/hls/main1/playlist.m3u8?zxinjd=
珲春新闻,http://stream8.jlntv.cn/hctv/sd/live.m3u8?zjild=
白山公共,http://stream8.jlntv.cn/baishan2/playlist.m3u8?zjild=
磐石,http://stream5.jlntv.cn/ps/sd/live.m3u8?zjild=
自然传奇,http://newcntv.qcloudcdn.com/asp/hls/1200/0303000a/3/default/81a1ad3a661748bfb8560c92d38204ca/1200.m3u8
舒兰新闻,http://stream8.jlntv.cn/shulan/sd/live.m3u8?zjild=
辉南新闻,http://stream5.jlntv.cn/hn/sd/live.m3u8?zjild=
通化县,http://stream5.jlntv.cn/thx/sd/live.m3u8?zjild=
靖宇,http://stream8.jlntv.cn/jytv/sd/live.m3u8?zjild=
飞碟之谜01,https://hls.cntv.lxdns.com/asp/hls/2000/0303000a/3/default/f0a47e155d32450daa1d36a04fd7d262/2000.m3u8
飞碟之谜02,https://newcntv.qcloudcdn.com/asp/hls/2000/0303000a/3/default/d2454bbb542d4613a9db478dab2addfd/2000.m3u8
龙井,http://stream8.jlntv.cn/ljtv/sd/live.m3u8?zjild=
精品体育,https://epg.pw/stream/f7556eccd4ae06b0c2991fdc7a4f8388496559f728cc82459a8e50346040e226.m3u8
广东体育,https://epg.pw/stream/7b470f9fc5c305db0c8622117b7b25ca00eb35ba3e93e865cf0ff9df5c736681.m3u8
纬来体育,https://epg.pw/stream/8855a9936e37e608a0ec8a014cce1673dee9c5d68d560da376cc92e5edef2b25.m3u8
安徽综艺体育,http://112.27.235.94:8000/hls/25/index.m3u8
AMC音乐,https://amchls.wns.live/hls/stream.m3u8
音乐欣赏,http://61.221.215.25:8800/hls/49/index.m3u8
音乐现场,https://satellitepull.cnr.cn/live/wx32nmgyygb/playlist.m3u8
风云音乐,https://live.264788.xyz/channel/fengyunyinyue?streamid=be37d16b874e7ba11dd383d7ecd75752&livekey=01WgOR41rriMmMkzNsd0UoaxJRwetZdxIvtVk
岭南戏曲,http://120.238.84.45:9901/tsfile/live/1095_1.m3u8?key=%2A%2A%2A&playlive=1&authid=%2A%2A%2A
1987年春晚,https://txmov2.a.kwimgs.com/bs3/video-hls/5195746663405928031_hlsb.m3u8
1988年春晚,https://txmov2.a.kwimgs.com/bs3/video-hls/5216575810935394655_hlsb.m3u8
1989年春晚,https://txmov2.a.kwimgs.com/bs3/video-hls/5194620763762726260_hlsb.m3u8
1993年春晚,https://alimov2.a.kwimgs.com/upic/2023/01/13/22/BMjAyMzAxMTMyMjEwMDNfNDAzMDAxOTlfOTM1MTIzMzYwODJfMF8z_b_B647d10e431b4cc5e48e6c77347d69021.mp4
1994年春晚,https://alimov2.a.kwimgs.com/upic/2023/01/13/22/BMjAyMzAxMTMyMjEwMDNfNDAzMDAxOTlfOTM1MTIzMzYxMjNfMF8z_b_B3dde97f36273f04403d4dc5eec611a35.mp4
1995年春晚,https://alimov2.a.kwimgs.com/upic/2023/01/13/20/BMjAyMzAxMTMyMDA5MjJfNDAzMDAxOTlfOTM0OTkwNDQwNzVfMF8z_b_B811c0dec6b9a3d3074a18522c185010a.mp4
1996年春晚,https://alimov2.a.kwimgs.com/upic/2023/01/13/22/BMjAyMzAxMTMyMjEwMDNfNDAzMDAxOTlfOTM1MTIzMzYxNTJfMF8z_b_Bd841eae10ab1c9955ef55fbedfae6c45.mp4
2000年春晚,https://alimov2.a.kwimgs.com/upic/2023/01/13/21/BMjAyMzAxMTMyMTE4MzRfNDAzMDAxOTlfOTM1MDY4ODIxMTNfMF8z_b_Bdddf4e7ef0ff6cfd477857bb40e78419.mp4
2001年春晚,https://alimov2.a.kwimgs.com/upic/2023/01/13/20/BMjAyMzAxMTMyMDA5MjJfNDAzMDAxOTlfOTM0OTkwNDQyMDFfMF8z_b_B70592cb7c4054e9cabb675e849bbf4bd.mp4
2002年春晚,https://alimov2.a.kwimgs.com/upic/2023/01/13/21/BMjAyMzAxMTMyMTE4MzRfNDAzMDAxOTlfOTM1MDY4ODIxNDdfMF8z_b_Ba6271d10b7e6cfae83759033a091f257.mp4
2003年春晚,https://alimov2.a.kwimgs.com/upic/2023/01/14/23/BMjAyMzAxMTQyMzQxNDdfNDAzMDAxOTlfOTM2MTU0MTk1NDFfMF8z_b_B182749d2cd2ea9323639254af385f24b.mp4
2004年春晚,https://alimov2.a.kwimgs.com/upic/2023/01/13/21/BMjAyMzAxMTMyMTE4MzRfNDAzMDAxOTlfOTM1MDY4ODIxOTVfMF8z_b_B86c4430b82ff5a7f4e8132f6ee558536.mp4
2005年春晚,https://alimov2.a.kwimgs.com/upic/2023/01/13/20/BMjAyMzAxMTMyMDA5MjJfNDAzMDAxOTlfOTM0OTkwNDQyMzhfMF8z_b_B35ad7cc86aec8fc9e5ddfb31fc7bed63.mp4
2006年春晚,https://alimov2.a.kwimgs.com/upic/2023/01/13/20/BMjAyMzAxMTMyMDA5MjJfNDAzMDAxOTlfOTM0OTkwNDQyNzlfMF8z_b_Bbc3703fc331dc994c50859c19aad28ff.mp4
2007年春晚,https://alimov2.a.kwimgs.com/upic/2023/01/13/20/BMjAyMzAxMTMyMDA5MjJfNDAzMDAxOTlfOTM0OTkwNDQzMjNfMF8z_b_B00b069c7899976459ceeaa99353dfefe.mp4
2009年春晚,https://alimov2.a.kwimgs.com/upic/2023/01/13/20/BMjAyMzAxMTMyMDA5MjJfNDAzMDAxOTlfOTM0OTkwNDQzOTBfMF8z_b_B29a36a85e0277f6c2a1f033ef7c10708.mp4
2010年春晚,https://alimov2.a.kwimgs.com/upic/2023/01/13/20/BMjAyMzAxMTMyMDA5MjJfNDAzMDAxOTlfOTM0OTkwNDQ0MjlfMF8z_b_B8818807a00eed329a69fb494f405bd43.mp4
2013年春晚,https://alimov2.a.kwimgs.com/upic/2023/01/13/20/BMjAyMzAxMTMyMDA5MjJfNDAzMDAxOTlfOTM0OTkwNDQ1NjNfMF8z_b_B4fea55408dca4471a68a963ae096be59.mp4
2014年春晚,https://alimov2.a.kwimgs.com/upic/2023/01/06/16/BMjAyMzAxMDYxNjMxMTNfNDAzMDAxOTlfOTI4OTY2ODAzNjlfMF8z_b_Bdee65c77f9e7b2120a185c919dad81d2.mp4
2018年春晚,https://alimov2.a.kwimgs.com/upic/2023/01/06/16/BMjAyMzAxMDYxNjMxMTRfNDAzMDAxOTlfOTI4OTY2ODE2MTBfMF8z_b_B11a778e34390a21de42d407e94f45b91.mp4
2024年春晚,https://p2.bdstatic.com/rtmp.liveshow.lss-user.baidubce.com/live/stream_bduid_6488563992_8982723413/merged_1707497046297_88536_25144_41936.m3u8
2025年春晚,https://svip.high24-playback.com/20250129/17159_7bca93c4/2000k/hls/mixed.m3u8
2026-08-17 18:31:25,https://vd2.bdstatic.com/mda-sctj0f6r4u1bpebc/1080p/cae_h264/1774706523506678171/mda-sctj0f6r4u1bpebc.mp4
延边卫视,http://[2409:8087:8:21::18]:6610/otttv.bj.chinamobile.com/PLTV/88888888/224/3221227045/1.m3u8?GuardEncType=2&accountinfo=~~V2.0~q0D3NdTUN7FuRzr8eJsbQA~tP4-l0lmSfjwLWEfK_el1vH_mv-s1zo4AQJwdedaVwG9xkuFTDg8J26cwOrNJzn20BErrHdLhuZ9EzLUCD3PMW-OMx4MGteHV2vLeW6BqoY%2CEND
康巴卫视,http://[2409:8087:8:21::18]:6610/otttv.bj.chinamobile.com/PLTV/88888888/224/3221227027/1.m3u8?GuardEncType=2&accountinfo=~~V2.0~kHMvBpWz4rccMxNvSRekpQ~tP4-l0lmSfjwLWEfK_el1vH_mv-s1zo4AQJwdedaVwG9xkuFTDg8J26cwOrNJzn20BErrHdLhuZ9EzLUCD3PMW-OMx4MGteHV2vLeW6BqoY%2CEND
浙江新闻,https://ali-m-l.cztv.com/channels/lantian/channel007/1080p.m3u8
浙江国际,https://ali-m-l.cztv.com/channels/lantian/channel010/1080p.m3u8
浙江少儿,https://ali-m-l.cztv.com/channels/lantian/channel008/1080p.m3u8
浙江教科,https://ali-m-l.cztv.com/channels/lantian/channel004/1080p.m3u8
之江纪录,https://ali-m-l.cztv.com/channels/lantian/channel012/1080p.m3u8
浙江民生,https://ali-m-l.cztv.com/channels/lantian/channel006/1080p.m3u8
浙江经济,https://ali-m-l.cztv.com/channels/lantian/channel003/1080p.m3u8
浙江钱江,https://ali-m-l.cztv.com/channels/lantian/channel002/1080p.m3u8
内蒙新闻,https://livestream-bt.nmtv.cn/nmtv/2316general.m3u8?txSecret=%2A%2A%2A&txTime=771E8800
内蒙经济,https://livestream-bt.nmtv.cn/nmtv/2317general.m3u8?txSecret=%2A%2A%2A&txTime=771E8800
内蒙少儿,https://livestream-bt.nmtv.cn/nmtv/2318general.m3u8?txSecret=%2A%2A%2A&txTime=771E8800
内蒙文体,https://livestream-bt.nmtv.cn/nmtv/2319general.m3u8?txSecret=%2A%2A%2A&txTime=771E8800
内蒙农牧,https://livestream-bt.nmtv.cn/nmtv/2320general.m3u8?txSecret=%2A%2A%2A&txTime=771E8800
蒙语卫视,https://livestream-bt.nmtv.cn/nmtv/2315general.m3u8?txSecret=%2A%2A%2A&txTime=771EF880
蒙语文化,https://livestream-bt.nmtv.cn/nmtv/2321general.m3u8?txSecret=%2A%2A%2A&txTime=771E8800
呼市新闻综合,https://livestream-bt.nmtv.cn/nmtv/2331general.m3u8?txSecret=%2A%2A%2A&txTime=771E8800
包头新闻综合,https://livestream-bt.nmtv.cn/nmtv/2358general.m3u8?txSecret=%2A%2A%2A&txTime=771E8800
鄂尔多斯新闻,https://livestream-bt.nmtv.cn/nmtv/2349general.m3u8?txSecret=%2A%2A%2A&txTime=771E8800
巴彦淖尔新闻,https://livestream-bt.nmtv.cn/nmtv/2348general.m3u8?txSecret=%2A%2A%2A&txTime=771E8800
赤峰新闻综合,https://livestream-bt.nmtv.cn/nmtv/2351general.m3u8?txSecret=%2A%2A%2A&txTime=771E8800
乌兰察布新闻,https://livestream-bt.nmtv.cn/nmtv/2354general.m3u8?txSecret=%2A%2A%2A&txTime=771E8800
CGTN英语,https://0472.org/hls/cgtn.m3u8
CGTN记录,https://0472.org/hls/cgtnd.m3u8
CGTN俄语,https://0472.org/hls/cgtne.m3u8
CGTN法语,https://0472.org/hls/cgtnf.m3u8
CGTN西语,https://0472.org/hls/cgtnx.m3u8
CGTN阿语,https://0472.org/hls/cgtna.m3u8
延边卫视,http://[2409:8087:8:21::18]:6610/otttv.bj.chinamobile.com/PLTV/88888888/224/3221227045/1.m3u8?GuardEncType=2&accountinfo=~~V2.0~q0D3NdTUN7FuRzr8eJsbQA~tP4-l0lmSfjwLWEfK_el1vH_mv-s1zo4AQJwdedaVwG9xkuFTDg8J26cwOrNJzn20BErrHdLhuZ9EzLUCD3PMW-OMx4MGteHV2vLeW6BqoY%2CEND
康巴卫视,http://[2409:8087:8:21::18]:6610/otttv.bj.chinamobile.com/PLTV/88888888/224/3221227027/1.m3u8?GuardEncType=2&accountinfo=~~V2.0~kHMvBpWz4rccMxNvSRekpQ~tP4-l0lmSfjwLWEfK_el1vH_mv-s1zo4AQJwdedaVwG9xkuFTDg8J26cwOrNJzn20BErrHdLhuZ9EzLUCD3PMW-OMx4MGteHV2vLeW6BqoY%2CEND
浙江新闻,https://ali-m-l.cztv.com/channels/lantian/channel007/1080p.m3u8
浙江国际,https://ali-m-l.cztv.com/channels/lantian/channel010/1080p.m3u8
浙江少儿,https://ali-m-l.cztv.com/channels/lantian/channel008/1080p.m3u8
浙江教科,https://ali-m-l.cztv.com/channels/lantian/channel004/1080p.m3u8
之江纪录,https://ali-m-l.cztv.com/channels/lantian/channel012/1080p.m3u8
浙江民生,https://ali-m-l.cztv.com/channels/lantian/channel006/1080p.m3u8
浙江经济,https://ali-m-l.cztv.com/channels/lantian/channel003/1080p.m3u8
浙江钱江,https://ali-m-l.cztv.com/channels/lantian/channel002/1080p.m3u8
内蒙新闻,https://livestream-bt.nmtv.cn/nmtv/2316general.m3u8?txSecret=%2A%2A%2A&txTime=771E8800
内蒙经济,https://livestream-bt.nmtv.cn/nmtv/2317general.m3u8?txSecret=%2A%2A%2A&txTime=771E8800
内蒙少儿,https://livestream-bt.nmtv.cn/nmtv/2318general.m3u8?txSecret=%2A%2A%2A&txTime=771E8800
内蒙文体,https://livestream-bt.nmtv.cn/nmtv/2319general.m3u8?txSecret=%2A%2A%2A&txTime=771E8800
内蒙农牧,https://livestream-bt.nmtv.cn/nmtv/2320general.m3u8?txSecret=%2A%2A%2A&txTime=771E8800
蒙语卫视,https://livestream-bt.nmtv.cn/nmtv/2315general.m3u8?txSecret=%2A%2A%2A&txTime=771EF880
蒙语文化,https://livestream-bt.nmtv.cn/nmtv/2321general.m3u8?txSecret=%2A%2A%2A&txTime=771E8800
呼市新闻综合,https://livestream-bt.nmtv.cn/nmtv/2331general.m3u8?txSecret=%2A%2A%2A&txTime=771E8800
包头新闻综合,https://livestream-bt.nmtv.cn/nmtv/2358general.m3u8?txSecret=%2A%2A%2A&txTime=771E8800
鄂尔多斯新闻,https://livestream-bt.nmtv.cn/nmtv/2349general.m3u8?txSecret=%2A%2A%2A&txTime=771E8800
巴彦淖尔新闻,https://livestream-bt.nmtv.cn/nmtv/2348general.m3u8?txSecret=%2A%2A%2A&txTime=771E8800
赤峰新闻综合,https://livestream-bt.nmtv.cn/nmtv/2351general.m3u8?txSecret=%2A%2A%2A&txTime=771E8800
乌兰察布新闻,https://livestream-bt.nmtv.cn/nmtv/2354general.m3u8?txSecret=%2A%2A%2A&txTime=771E8800
CGTN英语,https://0472.org/hls/cgtn.m3u8
CGTN记录,https://0472.org/hls/cgtnd.m3u8
CGTN俄语,https://0472.org/hls/cgtne.m3u8
CGTN法语,https://0472.org/hls/cgtnf.m3u8
CGTN西语,https://0472.org/hls/cgtnx.m3u8
CGTN阿语,https://0472.org/hls/cgtna.m3u8
延边卫视,http://live.ybtvyun.com/video/s10006-44f040627ca1/index.m3u8
CCTV-4K 超高清,http://27.222.3.214/liveali-tp4k.cctv.cn/live/4K10M.stream/playlist.m3u8
兵团卫视,https://liveout.btzx.com.cn/62ds9e/yil08g.m3u8
CGTN,http://gslbserv.itv.cmvideo.cn/7745129417417101820/1.m3u8?channel-id=hnbblive&Contentid=7745129417417101820&livemode=1&stbId=3
CGTN记录,http://gslbserv.itv.cmvideo.cn/7114647837765104058/1.m3u8?channel-id=hnbblive&Contentid=7114647837765104058&livemode=1&stbId=3
北京卫视 HEVC,http://gslbserv.itv.cmvideo.cn/1000000005000265027/1.m3u8?channel-id=ystenlive&Contentid=1000000005000265027&livemode=1&stbId=3
纪实科教,http://gslbserv.itv.cmvideo.cn/1000000001000001910/1.m3u8?channel-id=ystenlive&Contentid=1000000001000001910&livemode=1&stbId=3
纪实科教 HEVC,http://gslbserv.itv.cmvideo.cn/1000000005000265020/1.m3u8?channel-id=ystenlive&Contentid=1000000005000265020&livemode=1&stbId=3
卡酷少儿,http://gslbserv.itv.cmvideo.cn/7851974109718180595/1.m3u8?channel-id=bestzb&Contentid=7851974109718180595&livemode=1&stbId=3
安徽卫视 50 FPS,http://gslbserv.itv.cmvideo.cn/6000000001000009954/1.m3u8?channel-id=wasusyt&Contentid=6000000001000009954&livemode=1&stbId=3
安徽卫视 HEVC,http://gslbserv.itv.cmvideo.cn/1000000005000265025/1.m3u8?channel-id=ystenlive&Contentid=1000000005000265025&livemode=1&stbId=3
东南卫视 HEVC,http://gslbserv.itv.cmvideo.cn/1000000005000265033/1.m3u8?channel-id=ystenlive&Contentid=1000000005000265033&livemode=1&stbId=3
广东卫视 50 FPS,http://gslbserv.itv.cmvideo.cn/6000000001000031076/1.m3u8?channel-id=wasusyt&Contentid=6000000001000031076&livemode=1&stbId=3
广东卫视 HEVC,http://gslbserv.itv.cmvideo.cn/1000000005000265034/1.m3u8?channel-id=ystenlive&Contentid=1000000005000265034&livemode=1&stbId=3
黑龙江卫视 50 FPS,http://gslbserv.itv.cmvideo.cn/6000000001000016510/1.m3u8?channel-id=wasusyt&Contentid=6000000001000016510&livemode=1&stbId=3
黑龙江卫视 HEVC,http://gslbserv.itv.cmvideo.cn/1000000005000265029/1.m3u8?channel-id=ystenlive&Contentid=1000000005000265029&livemode=1&stbId=3
湖北卫视 50 FPS,http://gslbserv.itv.cmvideo.cn/6000000001000015436/1.m3u8?channel-id=wasusyt&Contentid=6000000001000015436&livemode=1&stbId=3
湖北卫视 HEVC,http://gslbserv.itv.cmvideo.cn/1000000005000265023/1.m3u8?channel-id=ystenlive&Contentid=1000000005000265023&livemode=1&stbId=3
湖南卫视 50 FPS,http://gslbserv.itv.cmvideo.cn/6000000001000018044/1.m3u8?channel-id=wasusyt&Contentid=6000000001000018044&livemode=1&stbId=3
湖南卫视 HEVC,http://gslbserv.itv.cmvideo.cn/1000000005000265024/1.m3u8?channel-id=ystenlive&Contentid=1000000005000265024&livemode=1&stbId=3
金鹰纪实,http://gslbserv.itv.cmvideo.cn/5000000011000031203/1.m3u8?channel-id=bestzb&Contentid=5000000011000031203&livemode=1&stbId=3
快乐垂钓,http://gslbserv.itv.cmvideo.cn/5000000011000031206/1.m3u8?channel-id=bestzb&Contentid=5000000011000031206&livemode=1&stbId=3
茶友频道,http://gslbserv.itv.cmvideo.cn/5000000011000031209/1.m3u8?channel-id=bestzb&Contentid=5000000011000031209&livemode=1&stbId=3
江苏卫视 50 FPS,http://gslbserv.itv.cmvideo.cn/6000000001000014861/1.m3u8?channel-id=wasusyt&Contentid=6000000001000014861&livemode=1&stbId=3
江苏卫视 HEVC,http://gslbserv.itv.cmvideo.cn/1000000005000265030/1.m3u8?channel-id=ystenlive&Contentid=1000000005000265030&livemode=1&stbId=3
江西卫视 HEVC,http://gslbserv.itv.cmvideo.cn/1000000005000265032/1.m3u8?channel-id=ystenlive&Contentid=1000000005000265032&livemode=1&stbId=3
辽宁卫视 HEVC,http://gslbserv.itv.cmvideo.cn/1000000005000265022/1.m3u8?channel-id=ystenlive&Contentid=1000000005000265022&livemode=1&stbId=3
山东卫视 50 FPS,http://gslbserv.itv.cmvideo.cn/6000000001000004134/1.m3u8?channel-id=wasusyt&Contentid=6000000001000004134&livemode=1&stbId=3
山东卫视 HEVC,http://gslbserv.itv.cmvideo.cn/1000000005000265019/1.m3u8?channel-id=ystenlive&Contentid=1000000005000265019&livemode=1&stbId=3
东方卫视 50 FPS,http://gslbserv.itv.cmvideo.cn/5000000004000014098/1.m3u8?channel-id=bestzb&Contentid=5000000004000014098&livemode=1&stbId=3
东方卫视 HEVC,http://gslbserv.itv.cmvideo.cn/1000000005000265018/1.m3u8?channel-id=ystenlive&Contentid=1000000005000265018&livemode=1&stbId=3
上海ICS外语,http://gslbserv.itv.cmvideo.cn/5000000010000030951/1.m3u8?channel-id=bestzb&Contentid=5000000010000030951&livemode=1&stbId=3
第一财经,http://gslbserv.itv.cmvideo.cn/5000000010000027146/1.m3u8?channel-id=bestzb&Contentid=5000000010000027146&livemode=1&stbId=3
东方财经,http://gslbserv.itv.cmvideo.cn/5000000007000010003/1.m3u8?channel-id=bestzb&Contentid=5000000007000010003&livemode=1&stbId=3
东方影视,http://gslbserv.itv.cmvideo.cn/5000000010000032212/1.m3u8?channel-id=bestzb&Contentid=5000000010000032212&livemode=1&stbId=3
上海都市,http://gslbserv.itv.cmvideo.cn/5000000010000018926/1.m3u8?channel-id=bestzb&Contentid=5000000010000018926&livemode=1&stbId=3
法治天地,http://gslbserv.itv.cmvideo.cn/2000000002000000014/1.m3u8?channel-id=hnbblive&Contentid=2000000002000000014&livemode=1&stbId=3
哈哈炫动,http://gslbserv.itv.cmvideo.cn/5000000011000031123/1.m3u8?channel-id=bestzb&Contentid=5000000011000031123&livemode=1&stbId=3
纪实人文 50 FPS,http://gslbserv.itv.cmvideo.cn/5000000004000010282/1.m3u8?channel-id=bestzb&Contentid=5000000004000010282&livemode=1&stbId=3
纪实人文 HEVC,http://gslbserv.itv.cmvideo.cn/1000000005000265021/1.m3u8?channel-id=ystenlive&Contentid=1000000005000265021&livemode=1&stbId=3
五星体育,http://gslbserv.itv.cmvideo.cn/5000000010000017540/1.m3u8?channel-id=bestzb&Contentid=5000000010000017540&livemode=1&stbId=3
新闻综合,http://gslbserv.itv.cmvideo.cn/5000000011000031110/1.m3u8?channel-id=bestzb&Contentid=5000000011000031110&livemode=1&stbId=3
深圳卫视 50 FPS,http://gslbserv.itv.cmvideo.cn/6000000001000002116/1.m3u8?channel-id=wasusyt&Contentid=6000000001000002116&livemode=1&stbId=3
深圳卫视 HEVC,http://gslbserv.itv.cmvideo.cn/1000000005000265028/1.m3u8?channel-id=ystenlive&Contentid=1000000005000265028&livemode=1&stbId=3
天津卫视 50 FPS,http://gslbserv.itv.cmvideo.cn/6000000001000009186/1.m3u8?channel-id=wasusyt&Contentid=6000000001000009186&livemode=1&stbId=3
天津卫视 HEVC,http://gslbserv.itv.cmvideo.cn/1000000005000265026/1.m3u8?channel-id=ystenlive&Contentid=1000000005000265026&livemode=1&stbId=3
浙江卫视 50 FPS,http://gslbserv.itv.cmvideo.cn/5000000004000007275/1.m3u8?channel-id=bestzb&Contentid=5000000004000007275&livemode=1&stbId=3
浙江卫视 HEVC,http://gslbserv.itv.cmvideo.cn/1000000005000265031/1.m3u8?channel-id=ystenlive&Contentid=1000000005000265031&livemode=1&stbId=3
重庆卫视 HEVC,http://gslbserv.itv.cmvideo.cn/1000000005000265017/1.m3u8?channel-id=ystenlive&Contentid=1000000005000265017&livemode=1&stbId=3
华数4K,http://gslbserv.itv.cmvideo.cn/6000000003000004748/1.m3u8?channel-id=wasusyt&Contentid=6000000003000004748&livemode=1&stbId=3
纯享4K,http://gslbserv.itv.cmvideo.cn/1000000004000011651/1.m3u8?channel-id=ystenlive&Contentid=1000000004000011651&livemode=1&stbId=3
咪咕4K 1,http://gslbserv.itv.cmvideo.cn/3000000010000005180/1.m3u8?channel-id=FifastbLive&Contentid=3000000010000005180&livemode=1&stbId=3
咪咕4K 2,http://gslbserv.itv.cmvideo.cn/3000000010000015686/1.m3u8?channel-id=FifastbLive&Contentid=3000000010000015686&livemode=1&stbId=3
咪咕全民热练,http://gslbserv.itv.cmvideo.cn/3000000020000031315/1.m3u8?channel-id=FifastbLive&Contentid=3000000020000031315&livemode=1&stbId=3
求索动物,http://gslbserv.itv.cmvideo.cn/6000000002000010046/1.m3u8?channel-id=wasusyt&Contentid=6000000002000010046&livemode=1&stbId=3
求索纪录,http://gslbserv.itv.cmvideo.cn/6000000002000032052/1.m3u8?channel-id=wasusyt&Contentid=6000000002000032052&livemode=1&stbId=3
求索科学,http://gslbserv.itv.cmvideo.cn/6000000002000032344/1.m3u8?channel-id=wasusyt&Contentid=6000000002000032344&livemode=1&stbId=3
求索生活,http://gslbserv.itv.cmvideo.cn/6000000002000003382/1.m3u8?channel-id=wasusyt&Contentid=6000000002000003382&livemode=1&stbId=3
NewTV精品综合,http://gslbserv.itv.cmvideo.cn/1000000004000019008/1.m3u8?channel-id=ystenlive&Contentid=1000000004000019008&livemode=1&stbId=3
NewTV精品大剧,http://gslbserv.itv.cmvideo.cn/1000000004000013968/1.m3u8?channel-id=ystenlive&Contentid=1000000004000013968&livemode=1&stbId=3
NewTV精品纪录,http://gslbserv.itv.cmvideo.cn/1000000004000013730/1.m3u8?channel-id=ystenlive&Contentid=1000000004000013730&livemode=1&stbId=3
NewTV精品体育,http://gslbserv.itv.cmvideo.cn/1000000004000014634/1.m3u8?channel-id=ystenlive&Contentid=1000000004000014634&livemode=1&stbId=3
NewTV精品萌宠,http://gslbserv.itv.cmvideo.cn/1000000006000032328/1.m3u8?channel-id=ystenlive&Contentid=1000000006000032328&livemode=1&stbId=3
NewTV爱情喜剧,http://gslbserv.itv.cmvideo.cn/2000000003000000010/1.m3u8?channel-id=hnbblive&Contentid=2000000003000000010&livemode=1&stbId=3
NewTV超级电视剧,http://gslbserv.itv.cmvideo.cn/1000000006000268003/1.m3u8?channel-id=ystenlive&Contentid=1000000006000268003&livemode=1&stbId=3
NewTV超级电影,http://gslbserv.itv.cmvideo.cn/1000000003000012426/1.m3u8?channel-id=ystenlive&Contentid=1000000003000012426&livemode=1&stbId=3
NewTV超级体育,http://gslbserv.itv.cmvideo.cn/1000000001000009601/1.m3u8?channel-id=ystenlive&Contentid=1000000001000009601&livemode=1&stbId=3
NewTV超级综艺,http://gslbserv.itv.cmvideo.cn/1000000006000268002/1.m3u8?channel-id=ystenlive&Contentid=1000000006000268002&livemode=1&stbId=3
NewTV潮妈辣婆,http://gslbserv.itv.cmvideo.cn/2000000003000000018/1.m3u8?channel-id=hnbblive&Contentid=2000000003000000018&livemode=1&stbId=3
NewTV东北热剧,http://gslbserv.itv.cmvideo.cn/1000000005000266013/1.m3u8?channel-id=ystenlive&Contentid=1000000005000266013&livemode=1&stbId=3
NewTV动作电影,http://gslbserv.itv.cmvideo.cn/1000000004000018653/1.m3u8?channel-id=ystenlive&Contentid=1000000004000018653&livemode=1&stbId=3
NewTV古装剧场,http://gslbserv.itv.cmvideo.cn/2000000003000000024/1.m3u8?channel-id=hnbblive&Contentid=2000000003000000024&livemode=1&stbId=3
NewTV欢乐剧场,http://gslbserv.itv.cmvideo.cn/1000000005000266012/1.m3u8?channel-id=ystenlive&Contentid=1000000005000266012&livemode=1&stbId=3
NewTV家庭剧场,http://gslbserv.itv.cmvideo.cn/1000000004000008284/1.m3u8?channel-id=ystenlive&Contentid=1000000004000008284&livemode=1&stbId=3
NewTV金牌综艺,http://gslbserv.itv.cmvideo.cn/1000000004000026167/1.m3u8?channel-id=ystenlive&Contentid=1000000004000026167&livemode=1&stbId=3
NewTV惊悚悬疑,http://gslbserv.itv.cmvideo.cn/1000000004000024282/1.m3u8?channel-id=ystenlive&Contentid=1000000004000024282&livemode=1&stbId=3
NewTV军旅剧场,http://gslbserv.itv.cmvideo.cn/2000000003000000014/1.m3u8?channel-id=hnbblive&Contentid=2000000003000000014&livemode=1&stbId=3
NewTV军事评论,http://gslbserv.itv.cmvideo.cn/2000000003000000022/1.m3u8?channel-id=hnbblive&Contentid=2000000003000000022&livemode=1&stbId=3
NewTV魅力潇湘,http://gslbserv.itv.cmvideo.cn/1000000001000006197/1.m3u8?channel-id=ystenlive&Contentid=1000000001000006197&livemode=1&stbId=3
NewTV明星大片,http://gslbserv.itv.cmvideo.cn/2000000003000000016/1.m3u8?channel-id=hnbblive&Contentid=2000000003000000016&livemode=1&stbId=3
NewTV农业致富,http://gslbserv.itv.cmvideo.cn/2000000003000000003/1.m3u8?channel-id=hnbblive&Contentid=2000000003000000003&livemode=1&stbId=3
NewTV武博世界,http://gslbserv.itv.cmvideo.cn/2000000003000000007/1.m3u8?channel-id=hnbblive&Contentid=2000000003000000007&livemode=1&stbId=3
NewTV炫舞未来,http://gslbserv.itv.cmvideo.cn/1000000001000000515/1.m3u8?channel-id=ystenlive&Contentid=1000000001000000515&livemode=1&stbId=3
NewTV怡伴健康,http://gslbserv.itv.cmvideo.cn/1000000005000266011/1.m3u8?channel-id=ystenlive&Contentid=1000000005000266011&livemode=1&stbId=3
NewTV中国功夫,http://gslbserv.itv.cmvideo.cn/2000000003000000009/1.m3u8?channel-id=hnbblive&Contentid=2000000003000000009&livemode=1&stbId=3
NewTV黑莓电影,http://gslbserv.itv.cmvideo.cn/1000000004000019624/1.m3u8?channel-id=ystenlive&Contentid=1000000004000019624&livemode=1&stbId=3
NewTV黑莓动画,http://gslbserv.itv.cmvideo.cn/1000000004000021734/1.m3u8?channel-id=ystenlive&Contentid=1000000004000021734&livemode=1&stbId=3
NewTV哒啵电竞,http://gslbserv.itv.cmvideo.cn/1000000006000032327/1.m3u8?channel-id=ystenlive&Contentid=1000000006000032327&livemode=1&stbId=3
NewTV哒啵赛事,http://gslbserv.itv.cmvideo.cn/1000000001000003775/1.m3u8?channel-id=ystenlive&Contentid=1000000001000003775&livemode=1&stbId=3
动漫秀场,http://gslbserv.itv.cmvideo.cn/5000000011000031113/1.m3u8?channel-id=bestzb&Contentid=5000000011000031113&livemode=1&stbId=3
法治天地,http://gslbserv.itv.cmvideo.cn/9001547084732463424/1.m3u8?channel-id=bestzb&Contentid=9001547084732463424&livemode=1&stbId=3
欢笑剧场,http://gslbserv.itv.cmvideo.cn/5000000002000009455/1.m3u8?channel-id=bestzb&Contentid=5000000002000009455&livemode=1&stbId=3
欢笑剧场 4K,http://gslbserv.itv.cmvideo.cn/5000000007000010001/1.m3u8?channel-id=bestzb&Contentid=5000000007000010001&livemode=1&stbId=3
金色学堂,http://gslbserv.itv.cmvideo.cn/5000000010000026105/1.m3u8?channel-id=bestzb&Contentid=5000000010000026105&livemode=1&stbId=3
劲爆体育,http://gslbserv.itv.cmvideo.cn/5000000002000029972/1.m3u8?channel-id=bestzb&Contentid=5000000002000029972&livemode=1&stbId=3
乐游,http://gslbserv.itv.cmvideo.cn/5000000011000031112/1.m3u8?channel-id=bestzb&Contentid=5000000011000031112&livemode=1&stbId=3
魅力足球,http://gslbserv.itv.cmvideo.cn/5000000011000031207/1.m3u8?channel-id=bestzb&Contentid=5000000011000031207&livemode=1&stbId=3
七彩戏剧,http://gslbserv.itv.cmvideo.cn/5000000011000031116/1.m3u8?channel-id=bestzb&Contentid=5000000011000031116&livemode=1&stbId=3
生活时尚,http://gslbserv.itv.cmvideo.cn/5000000002000019634/1.m3u8?channel-id=bestzb&Contentid=5000000002000019634&livemode=1&stbId=3
游戏风云,http://gslbserv.itv.cmvideo.cn/5000000011000031114/1.m3u8?channel-id=bestzb&Contentid=5000000011000031114&livemode=1&stbId=3
iHOT爱电竞,http://gslbserv.itv.cmvideo.cn/6000000006000230630/1.m3u8?channel-id=wasusyt&Contentid=6000000006000230630&livemode=1&stbId=3
iHOT爱谍战,http://gslbserv.itv.cmvideo.cn/6000000006000070630/1.m3u8?channel-id=wasusyt&Contentid=6000000006000070630&livemode=1&stbId=3
iHOT爱动漫,http://gslbserv.itv.cmvideo.cn/6000000006000280630/1.m3u8?channel-id=wasusyt&Contentid=6000000006000280630&livemode=1&stbId=3
iHOT爱都市,http://gslbserv.itv.cmvideo.cn/6000000006000080630/1.m3u8?channel-id=wasusyt&Contentid=6000000006000080630&livemode=1&stbId=3
iHOT爱怀旧,http://gslbserv.itv.cmvideo.cn/6000000006000260630/1.m3u8?channel-id=wasusyt&Contentid=6000000006000260630&livemode=1&stbId=3
iHOT爱经典,http://gslbserv.itv.cmvideo.cn/6000000006000060630/1.m3u8?channel-id=wasusyt&Contentid=6000000006000060630&livemode=1&stbId=3
iHOT爱科幻,http://gslbserv.itv.cmvideo.cn/6000000006000020630/1.m3u8?channel-id=wasusyt&Contentid=6000000006000020630&livemode=1&stbId=3
iHOT爱科学,http://gslbserv.itv.cmvideo.cn/6000000006000160630/1.m3u8?channel-id=wasusyt&Contentid=6000000006000160630&livemode=1&stbId=3
iHOT爱浪漫,http://gslbserv.itv.cmvideo.cn/6000000006000040630/1.m3u8?channel-id=wasusyt&Contentid=6000000006000040630&livemode=1&stbId=3
iHOT爱历史,http://gslbserv.itv.cmvideo.cn/6000000006000150630/1.m3u8?channel-id=wasusyt&Contentid=6000000006000150630&livemode=1&stbId=3
iHOT爱旅行,http://gslbserv.itv.cmvideo.cn/6000000006000250630/1.m3u8?channel-id=wasusyt&Contentid=6000000006000250630&livemode=1&stbId=3
iHOT爱奇谈,http://gslbserv.itv.cmvideo.cn/6000000006000270630/1.m3u8?channel-id=wasusyt&Contentid=6000000006000270630&livemode=1&stbId=3
iHOT爱青春,http://gslbserv.itv.cmvideo.cn/6000000006000100630/1.m3u8?channel-id=wasusyt&Contentid=6000000006000100630&livemode=1&stbId=3
iHOT爱赛车,http://gslbserv.itv.cmvideo.cn/6000000006000240630/1.m3u8?channel-id=wasusyt&Contentid=6000000006000240630&livemode=1&stbId=3
iHOT爱体育,http://gslbserv.itv.cmvideo.cn/6000000006000290630/1.m3u8?channel-id=wasusyt&Contentid=6000000006000290630&livemode=1&stbId=3
iHOT爱玩具,http://gslbserv.itv.cmvideo.cn/6000000006000220630/1.m3u8?channel-id=wasusyt&Contentid=6000000006000220630&livemode=1&stbId=3
iHOT爱喜剧,http://gslbserv.itv.cmvideo.cn/6000000006000010630/1.m3u8?channel-id=wasusyt&Contentid=6000000006000010630&livemode=1&stbId=3
iHOT爱悬疑,http://gslbserv.itv.cmvideo.cn/6000000006000050630/1.m3u8?channel-id=wasusyt&Contentid=6000000006000050630&livemode=1&stbId=3
iHOT爱幼教,http://gslbserv.itv.cmvideo.cn/6000000006000180630/1.m3u8?channel-id=wasusyt&Contentid=6000000006000180630&livemode=1&stbId=3
iHOT爱院线,http://gslbserv.itv.cmvideo.cn/6000000006000030630/1.m3u8?channel-id=wasusyt&Contentid=6000000006000030630&livemode=1&stbId=3
AniMAX_,http://aktv.top/AKTV/live/aktv3/animaxhk/AKTV.m3u8
ANTV,http://antvlive.ab5c6921.cdnviet.com/antv/playlist.m3u8
channel5,http://aktv.top/AKTV/live/aktv/channel5hd/AKTV.m3u8
channel8,http://aktv.top/AKTV/live/aktv/channel8hd/AKTV.m3u8
channelu,http://aktv.top/AKTV/live/aktv/channeluhd/AKTV.m3u8
CINEMA-頻道,http://37.27.111.214:8080/live/30/hls.m3u8
ELEVEN體育1,rtmp://f13h.mine.nu/sat/tv731
ELEVEN體育2,rtmp://f13h.mine.nu/sat/tv741
GOODTV道在人間HD,https://dqhxk7sbp7xog.cloudfront.net/osmflivech2.m3u8
GOODTV復興禱告,https://dqhxk7sbp7xog.cloudfront.net/osmflivech38.m3u8
GOODTV好消息HD,https://dqhxk7sbp7xog.cloudfront.net/osmflivech1.m3u8
GOODTV好消息卡通,https://dqhxk7sbp7xog.cloudfront.net/osmflivech45.m3u8
GOODTV經典音樂河HD,https://dqhxk7sbp7xog.cloudfront.net/hls-live/goodtv/_definst_/liveevent/live-ch6-2.m3u8
HISTORY頻道,http://37.27.111.214:8080/live/27/hls.m3u8
HITs電影頻道,http://37.27.111.214:8080/live/28/hls.m3u8
MoMoTV4K,rtmp://f13h.mine.nu/sat/tv761
Mo綜合,rtmp://f13h.mine.nu:1935/sat/tv761
Nick卡通,http://aktv.top/AKTV/live/aktv3/nickjr/AKTV.m3u8
Nick綜合,http://aktv.top/AKTV/live/aktv3/nickelodeon/AKTV.m3u8
Now星影台,http://aktv.top/AKTV/live/aktv/now/AKTV.m3u8
PopC,http://aktv.top/AKTV/live/aktv/popc/AKTV.m3u8
rock影綜,http://aktv.top/AKTV/live/aktv/rockaction/AKTV.m3u8
SUPER 18台,http://aktv.top/AKTV/live/aktv/mytvsuper18/AKTV.m3u8
TVBJ1,https://cdn3.163189.xyz/live/j1/stream.m3u8
tvbs閩南,http://aktv.top/AKTV/live/aktv/tvbs/AKTV.m3u8
tvbs新聞,http://aktv.top/AKTV/live/aktv/tvbs-1/AKTV.m3u8
tvbs新聞,http://aktv.top/AKTV/live/aktv3/null-2/AKTV.m3u8
TVB无线星河,http://v2h.jdshipin.com/xinghe/xinghe.stream/chunklist.m3u8
ZooMoo-,http://aktv.top/AKTV/live/aktv3/zoomoo/AKTV.m3u8
澳门有线 CH1,http://202.175.127.77/live/show/ch1/index.m3u8
澳门有线 CH3,http://202.175.127.77/live/show/ch3/index.m3u8
澳门有线互动新闻,http://202.175.127.77/live/show/ch2/index.m3u8
澳视澳门,http://183.237.246.14:9931/tsfile/live/1039_1.m3u8
八大第一,http://www.zzrs888.top/tw5.php?id=%E5%85%AB%E5%A4%A7%E7%AC%AC%E4%B8%80HD
八大第一,http://www.zzrs888.top/tw5.php?id=%E5%85%AB%E5%A4%A7%E7%AC%AC%E4%B8%80HD
八大戲劇,http://www.zzrs888.top/tw5.php?id=%E5%85%AB%E5%A4%A7%E6%88%B2%E5%8A%87HD
八大戲劇,http://www.zzrs888.top/tw5.php?id=%E5%85%AB%E5%A4%A7%E6%88%B2%E5%8A%87HD
八大综合,https://epg.pw/stream/adb797f4658363759c5a408dfec1e091e7cfe712fe04afaa3b8d7670efef57e1.m3u8
八大綜合,http://www.zzrs888.top/tw5.php?id=%E5%85%AB%E5%A4%A7%E7%B6%9C%E5%90%88HD
八大綜合,http://www.zzrs888.top/tw5.php?id=%E5%85%AB%E5%A4%A7%E7%B6%9C%E5%90%88HD
博斯高球頻壹,http://37.27.111.214:8080/live/13/hls.m3u8
博斯魅力,https://epg.pw/stream/440e2c0585ce62fd999454df8770aef94a3631ed4dbb1036be6a191ce879d581.m3u8
博斯無限頻道,http://37.27.111.214:8080/live/15/hls.m3u8
博斯运动2,https://epg.pw/stream/f8e9fc9a8c76935a58f6c9295462febadcc2e06471bc7634a6cd4d7fe5a12b14.m3u8
博斯運動頻壹,http://37.27.111.214:8080/live/14/hls.m3u8
创世电视,https://cdn.deepcore.online/hlsme/ctv_hk_1080.m3u8
大爱1台,https://pulltv1.wanfudaluye.com/live/tv1.m3u8
大爱2台,https://pulltv1.wanfudaluye.com/live/tv2.m3u8
大爱二台,https://epg.pw/stream/1f3e158520af1be7f1dfdd5c56fe0393e54fe4bde8d8fbdfe04f74185117e9db.m3u8
大愛1,https://pulltv2.wanfudaluye.com/live/tv1.m3u8
大愛2,http://pulltv1.wanfudaluye.com/live/tv2.m3u8
大愛2,http://pulltv2.wanfudaluye.com/live/tv2.m3u8
大愛2台,https://pulltv2.wanfudaluye.com/live/tv2.m3u8
大立電視,http://www.dalitv.com.tw:4568/live/dali/index.m3u8
点掌财经,https://epg.pw/stream/96bec7b1f9d22ac90697af55775bf2328443600cdc5ac81952ca681c136f86f7.m3u8
东森财经,https://epg.pw/stream/c4452be892906f85b59ac80ba36d1924380e404a65012937dc589180fd84ebe2.m3u8
东森超视,https://epg.pw/stream/399d56f2f9e2d86aca7f158f518a9cdbe9b672cf3ad82813361922e06eaf4abe.m3u8
东森美洲,https://epg.pw/stream/3f54de58cf44244a3a2e14cd7388cac348a17ada96c4aba4b5a65f1c4ceeabca.m3u8
东森戏剧,https://epg.pw/stream/5dc124caeeb73ea07e5542cca877600b90f87a42e72b579e267528c3411b073f.m3u8
东森新闻,https://epg.pw/stream/d91376ed07fba14fec3772dd7bfcc266f213294ded9193f751afb3e7ca95f573.m3u8
东森幼幼台,https://epg.pw/stream/de717f629316508933939cc9d90e62b3a86d6377aff1ca390e1717e68c960eb4.m3u8
东森综合,https://epg.pw/stream/d8efe6bedc4a8852aafaf7f5e2c0f72096e12f314da5ce617922dd6802352486.m3u8
東方國際,http://aktv.top/AKTV/live/aktv3/null/AKTV.m3u8
東森超視,rtmp://f13h.mine.nu/sat/tv331
東森超視,rtmp://f13h.mine.nu:1935/sat/tv331
动物星球,https://epg.pw/stream/0e38a2ff528e933b9a9dc37acf08f88b9ac4c118cdbba4adac0517303612645e.m3u8
番薯台,http://61.216.67.119:1935/TWHG/E1/chunklist_w705811302.m3u8
蕃薯台,http://61.216.67.119:1935/TWHG/E1/chunklist_w70581102.m3u8
翡翠,http://php.jdshipin.com/smt.php?id=jade_twn
翡翠,http://php.jdshipin.com/TVOD/iptv.php?id=fct2
翡翠,http://php.jdshipin.com/TVOD/iptv.php?id=fct3
翡翠,https://cdn3.163189.xyz/live/fct/stream.m3u8
凤凰电影,http://218.202.220.2:5000/nn_live.ts?id=NEWSASIA
凤凰电影,https://epg.pw/stream/9ed301e39bb8ca159e243f22b480bf96dd911e48e89709a29959a5aab65608cf.ctv
凤凰香港,https://cdn6.163189.xyz/live/fhhk/stream.m3u8
凤凰香港台,https://epg.pw/stream/27b49ba568efc8dcc9af6a79ec06ffd4a2e354e3e2060143be83fca695edf46e.m3u8
凤凰资讯,http://php.jdshipin.com/TVOD/iptv.php?id=fhzx
凤凰资讯,https://cdn3.163189.xyz/live/fhzx/stream.m3u8
公视,https://epg.pw/stream/5c0663273403c40461cd1ae04cc5cfa4bb9d5d626270d5ec1754aeb554c3020b.m3u8
公視戲劇,http://litv.zapi.us.kg/?id=4gtv-4gtv042
国家地理野生,https://epg.pw/stream/936ec911ca3a23631c8e822081ca3fe8f0e1a93bac068f4db5eaa005b2fccba7.m3u8
國會頻道1,http://61.58.60.230:9319/live/123.m3u8
國家地理,http://aktv.top/AKTV/live/aktv3/lovenaturehd/AKTV.m3u8
好消息,http://live-350k.streamingfast.net/hls-live/goodtv/_definst_/liveevent/live-ch1-1.m3u8
好消息电视台,http://live-350k.streamingfast.net/hls-live/goodtv/_definst_/liveevent/live-ch2-1.m3u8
好消息综合台,https://dqhxk7sbp7xog.cloudfront.net/hls-live/goodtv/_definst_/liveevent/live-ch1-2.m3u8
华视,https://epg.pw/stream/2ef08642072574008f65939021951a59fe9fc71369c751393f40a1b2234e18c9.m3u8
华语电视,http://38.64.72.148:80/hls/modn/list/4002/chunklist0.m3u8
華視,rtmp://f13h.mine.nu/sat/tv111
華視,rtmp://f13h.mine.nu:1935/sat/tv111
華視閩南,http://aktv.top/AKTV/live/aktv/null-11/AKTV.m3u8
華視閩南頻道,http://37.27.111.214:8080/live/8/hls.m3u8
环球电视,http://zb.xzxwhcb.com:9999/hls/world.m3u8
寰宇新闻,https://epg.pw/stream/eed37c9d7d82dc884bdfa04703da80f8bdb4e9910fbd2b396c8f72fb66093c75.m3u8
寰宇新聞,http://aktv.top/AKTV/live/aktv/null-9/AKTV.m3u8
黄金翡翠,http://php.jdshipin.com/smt.php?id=Tvbjade
靖天電影,http://aktv.top/AKTV/live/aktv/null-6/AKTV.m3u8
靖天国际台,https://epg.pw/stream/d3d02fa9532f7534b585d54c1d5c9d2efd49a5e08858e1f16750eec4448f083a.m3u8
莲花卫视,http://php.jdshipin.com:8880/amlh.php
龙华电影,https://cdn8.163189.xyz/live/lhdy/stream.m3u8
龙华经典,https://cdn8.163189.xyz/live/lhjd/stream.m3u8
龙华卡通,https://cdn8.163189.xyz/live/lhkt/stream.m3u8
龙华偶像,https://cdn8.163189.xyz/live/lhox/stream.m3u8
龙华日韩,https://cdn8.163189.xyz/live/lhrh/stream.m3u8
龙华戏剧,https://epg.pw/stream/cf908cfdb24cc4a8297f6f7fd955ca7ef3579e892600280fde9cdcfcffb4e481.m3u8
龍華電影,http://aktv.top/AKTV/live/aktv/null-23/AKTV.m3u8
龍華電影頻道,http://37.27.111.214:8080/live/19/hls.m3u8
龍華經典台,http://aktv.top/AKTV/live/aktv/null-7/AKTV.m3u8
龍華日韓,http://aktv.top/AKTV/live/aktv/null-22/AKTV.m3u8
美食星球,https://epg.pw/stream/1df3601f344fa4b1c79295aefec312f528d418c2ed0b391b3fe630ed1ddf70fc.m3u8
美亚C+,http://ottproxy2.ist.ooo/livehls/MOB-U1-NO/03.m3u8
面包台,https://video.bread-tv.com:8091/hls-live24/online/index.m3u8
民视,https://epg.pw/stream/446ff2630964ca5ddcb9f9cb6d4e1a5f2ca1dca875b2a4e1c462b9e5cf83b77d.m3u8
民視,rtmp://f13h.mine.nu/sat/tv051
民視,rtmp://f13h.mine.nu:1935/sat/tv051
民視閩南頻道,http://37.27.111.214:8080/live/6/hls.m3u8
尼克儿童频道,https://epg.pw/stream/3f9e0cbf40dd4828d593f974c80730357e4fdc12f11b239ef6f6542e21e781a4.m3u8
年代much,https://epg.pw/stream/811e09d2c2770631c5621144d8e610cfa14a4b55154ca84556b5dab9b5c49317.m3u8
千禧經典台,http://aktv.top/AKTV/live/aktv/null-21/AKTV.m3u8
人间卫视,http://61.216.67.119:1935/bltvhd/bltv1/chunklist_w1266569526.m3u8
人间卫视,https://5ddce30eb4b55.streamlock.net/bltvhd/bltv1/chunklist_w511254805.m3u8
三立都會,http://www.zzrs888.top/tw5.php?id=%E4%B8%89%E7%AB%8B%E9%83%BD%E6%9C%83HD
三立台湾台,https://epg.pw/stream/79a263b6160e568f6d3cd91417334e5b08f1638bf5990da99c65d94589d35fb7.m3u8
三立台灣,http://www.zzrs888.top/tw5.php?id=%E4%B8%89%E7%AB%8B%E5%8F%B0%E7%81%A3HD
三立新聞,http://aktv.top/AKTV/live/aktv/null-14/AKTV.m3u8
三立綜合,http://aktv.top/AKTV/live/aktv/null-13/AKTV.m3u8
生命電視,http://61.216.67.119:1935/lifetv/lifetv.stream/manifest.m3u8
生命電視台,http://211.73.19.201/live/AB167E56-808C-81D4-6471-76DC400D5192.m3u8?fmt=x264_1200K_ts&cpid=admin&size=1920X1080
時尚台FTV,http://80.94.54.42/fashiontv/stream/playlist.m3u8
時尚台FTV,http://lb.streaming.sk/fashiontv/stream/chunklist.m3u8
世新綜合,http://61.58.60.230:9319/live/49.m3u8
台視,rtmp://f13h.mine.nu/sat/tv071
台視,rtmp://f13h.mine.nu:1935/sat/tv071
台視財經,http://litv.zapi.us.kg/?id=4gtv-4gtv056
台湾番薯台,http://61.216.67.119:1935/TWHG/E1/chunklist_w7058102.m3u8
天映经典,http://210.210.155.37/qwr9ew/s/s31/index2.m3u8
天映经典,https://epg.pw/stream/257310e766410da552d36d6edd54d575489b6f2f6fc282f89d697d68b46b47fc.ctv
天映频道(MAS),https://epg.pw/stream/be57bcf7129184f546bebfec81d980207851b2d523b83ff64deddda8d6e5e5e6.ctv
唯心电视,https://epg.pw/stream/7d651c567d48727fc8f95cef7d2b349246baef656e557211c784bc62024b10d0.m3u8
唯心电视台,http://mobile.ccdntech.com/transcoder/_definst_/vod164_Live/live/playlist.m3u8
唯心電視,http://mobile.ccdntech.com/transcoder/_definst_/vod164_Live/live/chunklist_w1177047531.m3u8
纬来体育,https://epg.pw/stream/65161be2ecd7c7b2e054dbac30922b2673b4eff6497b77c71bb81215aa826cc4.m3u8
纬来综合,https://epg.pw/stream/03ebc1a8a33908af343e09da79d9d8d08246222c793931c98184be5818a788a1.m3u8
緯來日本,rtmp://f13h.mine.nu:1935/sat/tv771
緯來日本HD,rtmp://f13h.mine.nu/sat/tv771
緯來體育,rtmp://f13h.mine.nu:1935/sat/tv721
緯來體育HD,rtmp://f13h.mine.nu/sat/tv721
緯來戲劇,http://www.zzrs888.top/tw5.php?id=%3F%E4%BE%86%E6%88%B2%E5%8A%87
緯來育樂,rtmp://f13h.mine.nu:1935/sat/tv701
緯來育樂HD,rtmp://f13h.mine.nu/sat/tv701
香港電台普通話台,https://rthkaudio6-lh.akamaihd.net/i/radiopth_1@355869/index_56_a-p.m3u8
香港佛陀,http://js1.amtb.cn/liveedge/_definst_/livetv/chunklist.m3u8
香港国际财经台,https://epg.pw/stream/d7d42738d28d82242956de378400f29c137bb4844173f1517b19bad0dd5c95d5.m3u8
香港卫视文旅,https://epg.pw/stream/092a08c73e2f252b5b864bbf21fc7753e7c59c706165977ab071e8b2216da0cb.m3u8
香港有线新闻,https://epg.pw/stream/4c65fc12a950810e9f068c55b2abf43cf7937762e9c5d4d44381205743c731bf.ctv
星光综合,http://ali.hlspull.yximgs.com/live/zxcvbnm9852.flv
星空卫视,http://218.202.220.2:5000/nn_live.ts?id=STARTV
星空卫视,http://wouu.net:9977/udp/239.93.0.156:2193
亞洲旅遊頻道,http://37.27.111.214:8080/live/10/hls.m3u8
耀才财经,http://202.69.67.66:443/webcast/bshdlive-mobile/playlist.m3u8
耀才财经,https://v3.mediacast.hk/webcast/bshdlive-pc/playlist.m3u8
有线财经信息台,https://epg.pw/stream/0fddc0600d3868b05ad741d46294410aebca0fdc4fada5028dc54e624b7b17ca.m3u8
有线新闻,http://61.10.2.141/live_freedirect/freehd209_h.live/playlist.m3u
有线新闻台,http://cm61-10-2-143.hkcable.com.hk/live_freedirect/freehd209_h.live/playlist.m3u8
中视,http://37.27.111.214:8080/live/7/hls.m3u8
中视,https://epg.pw/stream/850967cb490cf3c98e20a19b56de0e5a029710949cff71a4132bf059dcf656bc.m3u8
中視,rtmp://f13h.mine.nu/sat/tv091
中視,rtmp://f13h.mine.nu:1935/sat/tv091
中視菁采,http://litv.zapi.us.kg/?id=4gtv-4gtv064
中視經典,http://litv.zapi.us.kg/?id=4gtv-4gtv080
中視閩南,http://aktv.top/AKTV/live/aktv/null-10/AKTV.m3u8
中天新聞,http://aktv.top/AKTV/live/aktv/null-8/AKTV.m3u8
中天亞洲,http://aktv.top/AKTV/live/aktv/null-12/AKTV.m3u8
重温经典,http://ali.hlspull.yximgs.com/live/awei_cwjd.flv
重温经典,https://cdn3.163189.xyz/live/cwjd/stream.m3u8
豬哥亮歌廳國,http://37.27.111.214:8080/live/35/hls.m3u8
